Archive member included to satisfy reference by file (symbol)

/opt/st/stm32cubeide_1.13.2/plugins/com.st.stm32cube.ide.mcu.externaltools.gnu-tools-for-stm32.11.3.rel1.linux64_1.1.1.202309131626/tools/bin/../lib/gcc/arm-none-eabi/11.3.1/../../../../arm-none-eabi/lib/thumb/v7e-m+dp/hard/libc_nano.a(libc_a-exit.o)
                              /opt/st/stm32cubeide_1.13.2/plugins/com.st.stm32cube.ide.mcu.externaltools.gnu-tools-for-stm32.11.3.rel1.linux64_1.1.1.202309131626/tools/bin/../lib/gcc/arm-none-eabi/11.3.1/../../../../arm-none-eabi/lib/thumb/v7e-m+dp/hard/crt0.o (exit)
/opt/st/stm32cubeide_1.13.2/plugins/com.st.stm32cube.ide.mcu.externaltools.gnu-tools-for-stm32.11.3.rel1.linux64_1.1.1.202309131626/tools/bin/../lib/gcc/arm-none-eabi/11.3.1/../../../../arm-none-eabi/lib/thumb/v7e-m+dp/hard/libc_nano.a(libc_a-findfp.o)
                              /opt/st/stm32cubeide_1.13.2/plugins/com.st.stm32cube.ide.mcu.externaltools.gnu-tools-for-stm32.11.3.rel1.linux64_1.1.1.202309131626/tools/bin/../lib/gcc/arm-none-eabi/11.3.1/../../../../arm-none-eabi/lib/thumb/v7e-m+dp/hard/libc_nano.a(libc_a-exit.o) (__stdio_exit_handler)
/opt/st/stm32cubeide_1.13.2/plugins/com.st.stm32cube.ide.mcu.externaltools.gnu-tools-for-stm32.11.3.rel1.linux64_1.1.1.202309131626/tools/bin/../lib/gcc/arm-none-eabi/11.3.1/../../../../arm-none-eabi/lib/thumb/v7e-m+dp/hard/libc_nano.a(libc_a-fwalk.o)
                              /opt/st/stm32cubeide_1.13.2/plugins/com.st.stm32cube.ide.mcu.externaltools.gnu-tools-for-stm32.11.3.rel1.linux64_1.1.1.202309131626/tools/bin/../lib/gcc/arm-none-eabi/11.3.1/../../../../arm-none-eabi/lib/thumb/v7e-m+dp/hard/libc_nano.a(libc_a-findfp.o) (_fwalk_sglue)
/opt/st/stm32cubeide_1.13.2/plugins/com.st.stm32cube.ide.mcu.externaltools.gnu-tools-for-stm32.11.3.rel1.linux64_1.1.1.202309131626/tools/bin/../lib/gcc/arm-none-eabi/11.3.1/../../../../arm-none-eabi/lib/thumb/v7e-m+dp/hard/libc_nano.a(libc_a-printf.o)
                              ./Core/Src/main.o (printf)
/opt/st/stm32cubeide_1.13.2/plugins/com.st.stm32cube.ide.mcu.externaltools.gnu-tools-for-stm32.11.3.rel1.linux64_1.1.1.202309131626/tools/bin/../lib/gcc/arm-none-eabi/11.3.1/../../../../arm-none-eabi/lib/thumb/v7e-m+dp/hard/libc_nano.a(libc_a-puts.o)
                              ./Core/Src/main.o (puts)
/opt/st/stm32cubeide_1.13.2/plugins/com.st.stm32cube.ide.mcu.externaltools.gnu-tools-for-stm32.11.3.rel1.linux64_1.1.1.202309131626/tools/bin/../lib/gcc/arm-none-eabi/11.3.1/../../../../arm-none-eabi/lib/thumb/v7e-m+dp/hard/libc_nano.a(libc_a-stdio.o)
                              /opt/st/stm32cubeide_1.13.2/plugins/com.st.stm32cube.ide.mcu.externaltools.gnu-tools-for-stm32.11.3.rel1.linux64_1.1.1.202309131626/tools/bin/../lib/gcc/arm-none-eabi/11.3.1/../../../../arm-none-eabi/lib/thumb/v7e-m+dp/hard/libc_nano.a(libc_a-findfp.o) (__sread)
/opt/st/stm32cubeide_1.13.2/plugins/com.st.stm32cube.ide.mcu.externaltools.gnu-tools-for-stm32.11.3.rel1.linux64_1.1.1.202309131626/tools/bin/../lib/gcc/arm-none-eabi/11.3.1/../../../../arm-none-eabi/lib/thumb/v7e-m+dp/hard/libc_nano.a(libc_a-wbuf.o)
                              /opt/st/stm32cubeide_1.13.2/plugins/com.st.stm32cube.ide.mcu.externaltools.gnu-tools-for-stm32.11.3.rel1.linux64_1.1.1.202309131626/tools/bin/../lib/gcc/arm-none-eabi/11.3.1/../../../../arm-none-eabi/lib/thumb/v7e-m+dp/hard/libc_nano.a(libc_a-puts.o) (__swbuf_r)
/opt/st/stm32cubeide_1.13.2/plugins/com.st.stm32cube.ide.mcu.externaltools.gnu-tools-for-stm32.11.3.rel1.linux64_1.1.1.202309131626/tools/bin/../lib/gcc/arm-none-eabi/11.3.1/../../../../arm-none-eabi/lib/thumb/v7e-m+dp/hard/libc_nano.a(libc_a-wsetup.o)
                              /opt/st/stm32cubeide_1.13.2/plugins/com.st.stm32cube.ide.mcu.externaltools.gnu-tools-for-stm32.11.3.rel1.linux64_1.1.1.202309131626/tools/bin/../lib/gcc/arm-none-eabi/11.3.1/../../../../arm-none-eabi/lib/thumb/v7e-m+dp/hard/libc_nano.a(libc_a-puts.o) (__swsetup_r)
/opt/st/stm32cubeide_1.13.2/plugins/com.st.stm32cube.ide.mcu.externaltools.gnu-tools-for-stm32.11.3.rel1.linux64_1.1.1.202309131626/tools/bin/../lib/gcc/arm-none-eabi/11.3.1/../../../../arm-none-eabi/lib/thumb/v7e-m+dp/hard/libc_nano.a(libc_a-memset.o)
                              /opt/st/stm32cubeide_1.13.2/plugins/com.st.stm32cube.ide.mcu.externaltools.gnu-tools-for-stm32.11.3.rel1.linux64_1.1.1.202309131626/tools/bin/../lib/gcc/arm-none-eabi/11.3.1/../../../../arm-none-eabi/lib/thumb/v7e-m+dp/hard/crt0.o (memset)
/opt/st/stm32cubeide_1.13.2/plugins/com.st.stm32cube.ide.mcu.externaltools.gnu-tools-for-stm32.11.3.rel1.linux64_1.1.1.202309131626/tools/bin/../lib/gcc/arm-none-eabi/11.3.1/../../../../arm-none-eabi/lib/thumb/v7e-m+dp/hard/libc_nano.a(libc_a-closer.o)
[...]
Memory Configuration

Name             Origin             Length             Attributes
RAM              0x0000000020000000 0x0000000000080000 xrw
FLASH            0x0000000008000000 0x0000000000200000 xr
*default*        0x0000000000000000 0xffffffffffffffff

Linker script and memory map

LOAD /opt/st/stm32cubeide_1.13.2/plugins/com.st.stm32cube.ide.mcu.externaltools.gnu-tools-for-stm32.11.3.rel1.linux64_1.1.1.202309131626/tools/bin/../lib/gcc/arm-none-eabi/11.3.1/thumb/v7e-m+dp/hard/crti.o
LOAD /opt/st/stm32cubeide_1.13.2/plugins/com.st.stm32cube.ide.mcu.externaltools.gnu-tools-for-stm32.11.3.rel1.linux64_1.1.1.202309131626/tools/bin/../lib/gcc/arm-none-eabi/11.3.1/thumb/v7e-m+dp/hard/crtbegin.o
LOAD /opt/st/stm32cubeide_1.13.2/plugins/com.st.stm32cube.ide.mcu.externaltools.gnu-tools-for-stm32.11.3.rel1.linux64_1.1.1.202309131626/tools/bin/../lib/gcc/arm-none-eabi/11.3.1/../../../../arm-none-eabi/lib/thumb/v7e-m+dp/hard/crt0.o
LOAD ./Core/Src/main.o
LOAD ./Core/Src/my_spi_driver.o
LOAD ./Core/Src/spi_slave.o
LOAD ./Core/Src/stm32f7xx_hal_msp.o
LOAD ./Core/Src/stm32f7xx_it.o
LOAD ./Core/Src/syscalls.o
LOAD ./Core/Src/sysmem.o
LOAD ./Core/Src/system_stm32f7xx.o
LOAD ./Core/Startup/startup_stm32f769nihx.o
LOAD ./Drivers/STM32F7xx_HAL_Driver/Src/stm32f7xx_hal.o
LOAD ./Drivers/STM32F7xx_HAL_Driver/Src/stm32f7xx_hal_cortex.o
LOAD ./Drivers/STM32F7xx_HAL_Driver/Src/stm32f7xx_hal_dma.o
LOAD ./Drivers/STM32F7xx_HAL_Driver/Src/stm32f7xx_hal_dma_ex.o
LOAD ./Drivers/STM32F7xx_HAL_Driver/Src/stm32f7xx_hal_exti.o
LOAD ./Drivers/STM32F7xx_HAL_Driver/Src/stm32f7xx_hal_flash.o
LOAD ./Drivers/STM32F7xx_HAL_Driver/Src/stm32f7xx_hal_flash_ex.o
LOAD ./Drivers/STM32F7xx_HAL_Driver/Src/stm32f7xx_hal_gpio.o
LOAD ./Drivers/STM32F7xx_HAL_Driver/Src/stm32f7xx_hal_i2c.o
LOAD ./Drivers/STM32F7xx_HAL_Driver/Src/stm32f7xx_hal_i2c_ex.o
LOAD ./Drivers/STM32F7xx_HAL_Driver/Src/stm32f7xx_hal_pwr.o
LOAD ./Drivers/STM32F7xx_HAL_Driver/Src/stm32f7xx_hal_pwr_ex.o
LOAD ./Drivers/STM32F7xx_HAL_Driver/Src/stm32f7xx_hal_rcc.o
LOAD ./Drivers/STM32F7xx_HAL_Driver/Src/stm32f7xx_hal_rcc_ex.o
LOAD ./Drivers/STM32F7xx_HAL_Driver/Src/stm32f7xx_hal_spi.o
LOAD ./Drivers/STM32F7xx_HAL_Driver/Src/stm32f7xx_hal_spi_ex.o
LOAD ./Drivers/STM32F7xx_HAL_Driver/Src/stm32f7xx_hal_uart.o
LOAD ./Drivers/STM32F7xx_HAL_Driver/Src/stm32f7xx_hal_uart_ex.o
START GROUP
LOAD /opt/st/stm32cubeide_1.13.2/plugins/com.st.stm32cube.ide.mcu.externaltools.gnu-tools-for-stm32.11.3.rel1.linux64_1.1.1.202309131626/tools/bin/../lib/gcc/arm-none-eabi/11.3.1/../../../../arm-none-eabi/lib/thumb/v7e-m+dp/hard/libc_nano.a
LOAD /opt/st/stm32cubeide_1.13.2/plugins/com.st.stm32cube.ide.mcu.externaltools.gnu-tools-for-stm32.11.3.rel1.linux64_1.1.1.202309131626/tools/bin/../lib/gcc/arm-none-eabi/11.3.1/../../../../arm-none-eabi/lib/thumb/v7e-m+dp/hard/libm.a
END GROUP
START GROUP
LOAD /opt/st/stm32cubeide_1.13.2/plugins/com.st.stm32cube.ide.mcu.externaltools.gnu-tools-for-stm32.11.3.rel1.linux64_1.1.1.202309131626/tools/bin/../lib/gcc/arm-none-eabi/11.3.1/thumb/v7e-m+dp/hard/libgcc.a
LOAD /opt/st/stm32cubeide_1.13.2/plugins/com.st.stm32cube.ide.mcu.externaltools.gnu-tools-for-stm32.11.3.rel1.linux64_1.1.1.202309131626/tools/bin/../lib/gcc/arm-none-eabi/11.3.1/../../../../arm-none-eabi/lib/thumb/v7e-m+dp/hard/libc_nano.a
END GROUP
START GROUP
LOAD /opt/st/stm32cubeide_1.13.2/plugins/com.st.stm32cube.ide.mcu.externaltools.gnu-tools-for-stm32.11.3.rel1.linux64_1.1.1.202309131626/tools/bin/../lib/gcc/arm-none-eabi/11.3.1/thumb/v7e-m+dp/hard/libgcc.a
LOAD /opt/st/stm32cubeide_1.13.2/plugins/com.st.stm32cube.ide.mcu.externaltools.gnu-tools-for-stm32.11.3.rel1.linux64_1.1.1.202309131626/tools/bin/../lib/gcc/arm-none-eabi/11.3.1/../../../../arm-none-eabi/lib/thumb/v7e-m+dp/hard/libc_nano.a
LOAD /opt/st/stm32cubeide_1.13.2/plugins/com.st.stm32cube.ide.mcu.externaltools.gnu-tools-for-stm32.11.3.rel1.linux64_1.1.1.202309131626/tools/bin/../lib/gcc/arm-none-eabi/11.3.1/../../../../arm-none-eabi/lib/thumb/v7e-m+dp/hard/libnosys.a
END GROUP
START GROUP
LOAD /opt/st/stm32cubeide_1.13.2/plugins/com.st.stm32cube.ide.mcu.externaltools.gnu-tools-for-stm32.11.3.rel1.linux64_1.1.1.202309131626/tools/bin/../lib/gcc/arm-none-eabi/11.3.1/thumb/v7e-m+dp/hard/libgcc.a
LOAD /opt/st/stm32cubeide_1.13.2/plugins/com.st.stm32cube.ide.mcu.externaltools.gnu-tools-for-stm32.11.3.rel1.linux64_1.1.1.202309131626/tools/bin/../lib/gcc/arm-none-eabi/11.3.1/../../../../arm-none-eabi/lib/thumb/v7e-m+dp/hard/libc_nano.a
LOAD /opt/st/stm32cubeide_1.13.2/plugins/com.st.stm32cube.ide.mcu.externaltools.gnu-tools-for-stm32.11.3.rel1.linux64_1.1.1.202309131626/tools/bin/../lib/gcc/arm-none-eabi/11.3.1/../../../../arm-none-eabi/lib/thumb/v7e-m+dp/hard/libnosys.a
END GROUP
LOAD /opt/st/stm32cubeide_1.13.2/plugins/com.st.stm32cube.ide.mcu.externaltools.gnu-tools-for-stm32.11.3.rel1.linux64_1.1.1.202309131626/tools/bin/../lib/gcc/arm-none-eabi/11.3.1/thumb/v7e-m+dp/hard/crtend.o
LOAD /opt/st/stm32cubeide_1.13.2/plugins/com.st.stm32cube.ide.mcu.externaltools.gnu-tools-for-stm32.11.3.rel1.linux64_1.1.1.202309131626/tools/bin/../lib/gcc/arm-none-eabi/11.3.1/thumb/v7e-m+dp/hard/crtn.o
                0x0000000020080000                _estack = (ORIGIN (RAM) + LENGTH (RAM))
                0x0000000000000200                _Min_Heap_Size = 0x200
                0x0000000000000400                _Min_Stack_Size = 0x400

.isr_vector     0x0000000008000000      0x1f8
                0x0000000008000000                . = ALIGN (0x4)
 *(.isr_vector)
 .isr_vector    0x0000000008000000      0x1f8 ./Core/Startup/startup_stm32f769nihx.o
                0x0000000008000000                g_pfnVectors
                0x00000000080001f8                . = ALIGN (0x4)

.text           0x0000000008000200     0x5888
                0x0000000008000200                . = ALIGN (0x4)
 *(.text)
 .text          0x0000000008000200       0x40 /opt/st/stm32cubeide_1.13.2/plugins/com.st.stm32cube.ide.mcu.externaltools.gnu-tools-for-stm32.11.3.rel1.linux64_1.1.1.202309131626/tools/bin/../lib/gcc/arm-none-eabi/11.3.1/thumb/v7e-m+dp/hard/crtbegin.o
 .text          0x0000000008000240       0xa0 /opt/st/stm32cubeide_1.13.2/plugins/com.st.stm32cube.ide.mcu.externaltools.gnu-tools-for-stm32.11.3.rel1.linux64_1.1.1.202309131626/tools/bin/../lib/gcc/arm-none-eabi/11.3.1/../../../../arm-none-eabi/lib/thumb/v7e-m+dp/hard/libc_nano.a(libc_a-memchr.o)
                0x0000000008000240                memchr
 .text          0x00000000080002e0       0x30 /opt/st/stm32cubeide_1.13.2/plugins/com.st.stm32cube.ide.mcu.externaltools.gnu-tools-for-stm32.11.3.rel1.linux64_1.1.1.202309131626/tools/bin/../lib/gcc/arm-none-eabi/11.3.1/thumb/v7e-m+dp/hard/libgcc.a(_aeabi_uldivmod.o)
                0x00000000080002e0                __aeabi_uldivmod
 .text          0x0000000008000310      0x2c8 /opt/st/stm32cubeide_1.13.2/plugins/com.st.stm32cube.ide.mcu.externaltools.gnu-tools-for-stm32.11.3.rel1.linux64_1.1.1.202309131626/tools/bin/../lib/gcc/arm-none-eabi/11.3.1/thumb/v7e-m+dp/hard/libgcc.a(_udivmoddi4.o)
                0x0000000008000310                __udivmoddi4
 .text          0x00000000080005d8        0x4 /opt/st/stm32cubeide_1.13.2/plugins/com.st.stm32cube.ide.mcu.externaltools.gnu-tools-for-stm32.11.3.rel1.linux64_1.1.1.202309131626/tools/bin/../lib/gcc/arm-none-eabi/11.3.1/thumb/v7e-m+dp/hard/libgcc.a(_dvmd_tls.o)
                0x00000000080005d8                __aeabi_ldiv0
                0x00000000080005d8                __aeabi_idiv0
 *(.text*)
 .text._write   0x00000000080005dc       0x28 ./Core/Src/main.o
                0x00000000080005dc                _write
 .text.HAL_SPI_TxCpltCallback
                0x0000000008000604       0x58 ./Core/Src/main.o
                0x0000000008000604                HAL_SPI_TxCpltCallback
 .text.HAL_SPI_RxCpltCallback
                0x000000000800065c       0x38 ./Core/Src/main.o
                0x000000000800065c                HAL_SPI_RxCpltCallback
 .text.HAL_SPI_ErrorCallback
                0x0000000008000694       0x38 ./Core/Src/main.o
                0x0000000008000694                HAL_SPI_ErrorCallback
 .text.main     0x00000000080006cc      0x124 ./Core/Src/main.o
                0x00000000080006cc                main
 .text.SystemClock_Config
                0x00000000080007f0       0xb8 ./Core/Src/main.o
                0x00000000080007f0                SystemClock_Config
 .text.MX_SPI2_Init
                0x00000000080008a8       0x7c ./Core/Src/main.o
 .text.MX_SPI5_Init
                0x0000000008000924       0x74 ./Core/Src/main.o
 .text.MX_USART1_UART_Init
                0x0000000008000998       0x60 ./Core/Src/main.o
 .text.MX_GPIO_Init
                0x00000000080009f8       0x60 ./Core/Src/main.o
 .text.Error_Handler
                0x0000000008000a58        0xa ./Core/Src/main.o
                0x0000000008000a58                Error_Handler
 .text.my_spi_set_reg_adr
                0x0000000008000a62       0x22 ./Core/Src/my_spi_driver.o
                0x0000000008000a62                my_spi_set_reg_adr
 .text.my_spi_start_read_reg
                0x0000000008000a84       0x22 ./Core/Src/my_spi_driver.o
                0x0000000008000a84                my_spi_start_read_reg
 .text.my_spi_end_read_reg
                0x0000000008000aa6       0x24 ./Core/Src/my_spi_driver.o
                0x0000000008000aa6                my_spi_end_read_reg
 .text.my_spi_set_reg
                0x0000000008000aca       0x22 ./Core/Src/my_spi_driver.o
                0x0000000008000aca                my_spi_set_reg
 .text.slave_resive_reg_adress
                0x0000000008000aec       0x5c ./Core/Src/spi_slave.o
                0x0000000008000aec                slave_resive_reg_adress
 .text.slave_transimt_reg
                0x0000000008000b48       0x34 ./Core/Src/spi_slave.o
                0x0000000008000b48                slave_transimt_reg
 .text.slave_resive_reg_data
                0x0000000008000b7c       0x50 ./Core/Src/spi_slave.o
                0x0000000008000b7c                slave_resive_reg_data
 .text.slave_respond_to_master
                0x0000000008000bcc       0x30 ./Core/Src/spi_slave.o
                0x0000000008000bcc                slave_respond_to_master
 .text.get_reg  0x0000000008000bfc       0x30 ./Core/Src/spi_slave.o
 .text.set_reg__
                0x0000000008000c2c       0x4c ./Core/Src/spi_slave.o
 .text.HAL_MspInit
                0x0000000008000c78       0x48 ./Core/Src/stm32f7xx_hal_msp.o
                0x0000000008000c78                HAL_MspInit
 .text.HAL_SPI_MspInit
                0x0000000008000cc0      0x14c ./Core/Src/stm32f7xx_hal_msp.o
                0x0000000008000cc0                HAL_SPI_MspInit
 .text.HAL_UART_MspInit
                0x0000000008000e0c       0xcc ./Core/Src/stm32f7xx_hal_msp.o
                0x0000000008000e0c                HAL_UART_MspInit
 .text.NMI_Handler
                0x0000000008000ed8        0x6 ./Core/Src/stm32f7xx_it.o
                0x0000000008000ed8                NMI_Handler
 .text.HardFault_Handler
                0x0000000008000ede        0x6 ./Core/Src/stm32f7xx_it.o
                0x0000000008000ede                HardFault_Handler
 .text.MemManage_Handler
                0x0000000008000ee4        0x6 ./Core/Src/stm32f7xx_it.o
                0x0000000008000ee4                MemManage_Handler
 .text.BusFault_Handler
                0x0000000008000eea        0x6 ./Core/Src/stm32f7xx_it.o
                0x0000000008000eea                BusFault_Handler
 .text.UsageFault_Handler
                0x0000000008000ef0        0x6 ./Core/Src/stm32f7xx_it.o
                0x0000000008000ef0                UsageFault_Handler
 .text.SVC_Handler
                0x0000000008000ef6        0xe ./Core/Src/stm32f7xx_it.o
                0x0000000008000ef6                SVC_Handler
 .text.DebugMon_Handler
                0x0000000008000f04        0xe ./Core/Src/stm32f7xx_it.o
                0x0000000008000f04                DebugMon_Handler
 .text.PendSV_Handler
                0x0000000008000f12        0xe ./Core/Src/stm32f7xx_it.o
                0x0000000008000f12                PendSV_Handler
 .text.SysTick_Handler
                0x0000000008000f20        0xc ./Core/Src/stm32f7xx_it.o
                0x0000000008000f20                SysTick_Handler
 .text.SPI2_IRQHandler
                0x0000000008000f2c       0x14 ./Core/Src/stm32f7xx_it.o
                0x0000000008000f2c                SPI2_IRQHandler
 .text.USART1_IRQHandler
                0x0000000008000f40       0x14 ./Core/Src/stm32f7xx_it.o
                0x0000000008000f40                USART1_IRQHandler
 .text.SPI5_IRQHandler
                0x0000000008000f54       0x14 ./Core/Src/stm32f7xx_it.o
                0x0000000008000f54                SPI5_IRQHandler
 .text._read    0x0000000008000f68       0x3a ./Core/Src/syscalls.o
                0x0000000008000f68                _read
 .text._close   0x0000000008000fa2       0x18 ./Core/Src/syscalls.o
                0x0000000008000fa2                _close
 .text._fstat   0x0000000008000fba       0x20 ./Core/Src/syscalls.o
                0x0000000008000fba                _fstat
 .text._isatty  0x0000000008000fda       0x16 ./Core/Src/syscalls.o
                0x0000000008000fda                _isatty
 .text._lseek   0x0000000008000ff0       0x1a ./Core/Src/syscalls.o
                0x0000000008000ff0                _lseek
 *fill*         0x000000000800100a        0x2 
 .text._sbrk    0x000000000800100c       0x6c ./Core/Src/sysmem.o
                0x000000000800100c                _sbrk
 .text.SystemInit
                0x0000000008001078       0x24 ./Core/Src/system_stm32f7xx.o
                0x0000000008001078                SystemInit
 .text.Reset_Handler
                0x000000000800109c       0x50 ./Core/Startup/startup_stm32f769nihx.o
                0x000000000800109c                Reset_Handler
 .text.Default_Handler
                0x00000000080010ec        0x2 ./Core/Startup/startup_stm32f769nihx.o
                0x00000000080010ec                RTC_Alarm_IRQHandler
                0x00000000080010ec                EXTI2_IRQHandler
                0x00000000080010ec                TIM8_CC_IRQHandler
                0x00000000080010ec                UART8_IRQHandler
                0x00000000080010ec                SPI4_IRQHandler
                0x00000000080010ec                TIM1_CC_IRQHandler
                0x00000000080010ec                DMA2_Stream5_IRQHandler
                0x00000000080010ec                JPEG_IRQHandler
                0x00000000080010ec                DMA1_Stream5_IRQHandler
                0x00000000080010ec                CAN3_RX1_IRQHandler
                0x00000000080010ec                PVD_IRQHandler
                0x00000000080010ec                TAMP_STAMP_IRQHandler
                0x00000000080010ec                CAN2_RX1_IRQHandler
                0x00000000080010ec                EXTI3_IRQHandler
                0x00000000080010ec                TIM8_TRG_COM_TIM14_IRQHandler
                0x00000000080010ec                DFSDM1_FLT1_IRQHandler
                0x00000000080010ec                TIM1_UP_TIM10_IRQHandler
                0x00000000080010ec                TIM8_UP_TIM13_IRQHandler
                0x00000000080010ec                I2C3_ER_IRQHandler
                0x00000000080010ec                DFSDM1_FLT2_IRQHandler
                0x00000000080010ec                EXTI0_IRQHandler
                0x00000000080010ec                I2C2_EV_IRQHandler
                0x00000000080010ec                DMA1_Stream2_IRQHandler
                0x00000000080010ec                CAN1_RX0_IRQHandler
                0x00000000080010ec                FPU_IRQHandler
                0x00000000080010ec                OTG_HS_WKUP_IRQHandler
                0x00000000080010ec                CAN3_SCE_IRQHandler
                0x00000000080010ec                LTDC_ER_IRQHandler
                0x00000000080010ec                CAN2_SCE_IRQHandler
                0x00000000080010ec                DMA2_Stream2_IRQHandler
                0x00000000080010ec                SPI1_IRQHandler
                0x00000000080010ec                TIM6_DAC_IRQHandler
                0x00000000080010ec                TIM1_BRK_TIM9_IRQHandler
                0x00000000080010ec                DCMI_IRQHandler
                0x00000000080010ec                CAN2_RX0_IRQHandler
                0x00000000080010ec                DMA2_Stream3_IRQHandler
                0x00000000080010ec                SAI2_IRQHandler
                0x00000000080010ec                DFSDM1_FLT3_IRQHandler
                0x00000000080010ec                USART6_IRQHandler
                0x00000000080010ec                CAN3_RX0_IRQHandler
                0x00000000080010ec                USART3_IRQHandler
                0x00000000080010ec                CAN1_RX1_IRQHandler
                0x00000000080010ec                UART5_IRQHandler
                0x00000000080010ec                DMA2_Stream0_IRQHandler
                0x00000000080010ec                TIM4_IRQHandler
                0x00000000080010ec                QUADSPI_IRQHandler
                0x00000000080010ec                I2C1_EV_IRQHandler
                0x00000000080010ec                DMA1_Stream6_IRQHandler
                0x00000000080010ec                DMA1_Stream1_IRQHandler
                0x00000000080010ec                UART4_IRQHandler
                0x00000000080010ec                TIM3_IRQHandler
                0x00000000080010ec                RCC_IRQHandler
                0x00000000080010ec                TIM8_BRK_TIM12_IRQHandler
                0x00000000080010ec                Default_Handler
                0x00000000080010ec                CEC_IRQHandler
                0x00000000080010ec                EXTI15_10_IRQHandler
                0x00000000080010ec                ADC_IRQHandler
                0x00000000080010ec                DMA1_Stream7_IRQHandler
                0x00000000080010ec                TIM7_IRQHandler
                0x00000000080010ec                SDMMC1_IRQHandler
                0x00000000080010ec                CAN2_TX_IRQHandler
                0x00000000080010ec                TIM5_IRQHandler
                0x00000000080010ec                DMA2_Stream7_IRQHandler
                0x00000000080010ec                I2C3_EV_IRQHandler
                0x00000000080010ec                EXTI9_5_IRQHandler
                0x00000000080010ec                RTC_WKUP_IRQHandler
                0x00000000080010ec                LTDC_IRQHandler
                0x00000000080010ec                ETH_WKUP_IRQHandler
                0x00000000080010ec                SPDIF_RX_IRQHandler
                0x00000000080010ec                OTG_HS_EP1_IN_IRQHandler
                0x00000000080010ec                DMA1_Stream0_IRQHandler
                0x00000000080010ec                CAN1_TX_IRQHandler
                0x00000000080010ec                EXTI4_IRQHandler
                0x00000000080010ec                RNG_IRQHandler
                0x00000000080010ec                DSI_IRQHandler
                0x00000000080010ec                ETH_IRQHandler
                0x00000000080010ec                OTG_HS_EP1_OUT_IRQHandler
                0x00000000080010ec                WWDG_IRQHandler
                0x00000000080010ec                SPI6_IRQHandler
                0x00000000080010ec                MDIOS_IRQHandler
                0x00000000080010ec                I2C4_EV_IRQHandler
                0x00000000080010ec                CAN3_TX_IRQHandler
                0x00000000080010ec                TIM2_IRQHandler
                0x00000000080010ec                OTG_FS_WKUP_IRQHandler
                0x00000000080010ec                TIM1_TRG_COM_TIM11_IRQHandler
                0x00000000080010ec                OTG_HS_IRQHandler
                0x00000000080010ec                DMA2D_IRQHandler
                0x00000000080010ec                EXTI1_IRQHandler
                0x00000000080010ec                SDMMC2_IRQHandler
                0x00000000080010ec                UART7_IRQHandler
                0x00000000080010ec                USART2_IRQHandler
                0x00000000080010ec                DFSDM1_FLT0_IRQHandler
                0x00000000080010ec                I2C2_ER_IRQHandler
                0x00000000080010ec                DMA2_Stream1_IRQHandler
                0x00000000080010ec                CAN1_SCE_IRQHandler
                0x00000000080010ec                FLASH_IRQHandler
                0x00000000080010ec                DMA2_Stream4_IRQHandler
                0x00000000080010ec                OTG_FS_IRQHandler
                0x00000000080010ec                SPI3_IRQHandler
                0x00000000080010ec                DMA1_Stream4_IRQHandler
                0x00000000080010ec                I2C1_ER_IRQHandler
                0x00000000080010ec                FMC_IRQHandler
                0x00000000080010ec                LPTIM1_IRQHandler
                0x00000000080010ec                I2C4_ER_IRQHandler
                0x00000000080010ec                DMA2_Stream6_IRQHandler
                0x00000000080010ec                SAI1_IRQHandler
                0x00000000080010ec                DMA1_Stream3_IRQHandler
 .text.HAL_Init
                0x00000000080010ee       0x1a ./Drivers/STM32F7xx_HAL_Driver/Src/stm32f7xx_hal.o
                0x00000000080010ee                HAL_Init
 .text.HAL_InitTick
                0x0000000008001108       0x60 ./Drivers/STM32F7xx_HAL_Driver/Src/stm32f7xx_hal.o
                0x0000000008001108                HAL_InitTick
 .text.HAL_IncTick
                0x0000000008001168       0x28 ./Drivers/STM32F7xx_HAL_Driver/Src/stm32f7xx_hal.o
                0x0000000008001168                HAL_IncTick
 .text.HAL_GetTick
                0x0000000008001190       0x18 ./Drivers/STM32F7xx_HAL_Driver/Src/stm32f7xx_hal.o
                0x0000000008001190                HAL_GetTick
 .text.HAL_Delay
                0x00000000080011a8       0x48 ./Drivers/STM32F7xx_HAL_Driver/Src/stm32f7xx_hal.o
                0x00000000080011a8                HAL_Delay
 .text.__NVIC_SetPriorityGrouping
                0x00000000080011f0       0x48 ./Drivers/STM32F7xx_HAL_Driver/Src/stm32f7xx_hal_cortex.o
 .text.__NVIC_GetPriorityGrouping
                0x0000000008001238       0x1c ./Drivers/STM32F7xx_HAL_Driver/Src/stm32f7xx_hal_cortex.o
 .text.__NVIC_EnableIRQ
                0x0000000008001254       0x3c ./Drivers/STM32F7xx_HAL_Driver/Src/stm32f7xx_hal_cortex.o
 .text.__NVIC_SetPriority
                0x0000000008001290       0x54 ./Drivers/STM32F7xx_HAL_Driver/Src/stm32f7xx_hal_cortex.o
 .text.NVIC_EncodePriority
                0x00000000080012e4       0x66 ./Drivers/STM32F7xx_HAL_Driver/Src/stm32f7xx_hal_cortex.o
 *fill*         0x000000000800134a        0x2 
 .text.SysTick_Config
                0x000000000800134c       0x44 ./Drivers/STM32F7xx_HAL_Driver/Src/stm32f7xx_hal_cortex.o
 .text.HAL_NVIC_SetPriorityGrouping
                0x0000000008001390       0x16 ./Drivers/STM32F7xx_HAL_Driver/Src/stm32f7xx_hal_cortex.o
                0x0000000008001390                HAL_NVIC_SetPriorityGrouping
 .text.HAL_NVIC_SetPriority
                0x00000000080013a6       0x38 ./Drivers/STM32F7xx_HAL_Driver/Src/stm32f7xx_hal_cortex.o
                0x00000000080013a6                HAL_NVIC_SetPriority
 .text.HAL_NVIC_EnableIRQ
                0x00000000080013de       0x1c ./Drivers/STM32F7xx_HAL_Driver/Src/stm32f7xx_hal_cortex.o
                0x00000000080013de                HAL_NVIC_EnableIRQ
 .text.HAL_SYSTICK_Config
                0x00000000080013fa       0x18 ./Drivers/STM32F7xx_HAL_Driver/Src/stm32f7xx_hal_cortex.o
                0x00000000080013fa                HAL_SYSTICK_Config
 .text.HAL_DMA_Abort
                0x0000000008001412       0xe0 ./Drivers/STM32F7xx_HAL_Driver/Src/stm32f7xx_hal_dma.o
                0x0000000008001412                HAL_DMA_Abort
 .text.HAL_DMA_Abort_IT
                0x00000000080014f2       0x44 ./Drivers/STM32F7xx_HAL_Driver/Src/stm32f7xx_hal_dma.o
                0x00000000080014f2                HAL_DMA_Abort_IT
 *fill*         0x0000000008001536        0x2 
 .text.HAL_GPIO_Init
                0x0000000008001538      0x358 ./Drivers/STM32F7xx_HAL_Driver/Src/stm32f7xx_hal_gpio.o
                0x0000000008001538                HAL_GPIO_Init
 .text.HAL_RCC_OscConfig
                0x0000000008001890      0x55c ./Drivers/STM32F7xx_HAL_Driver/Src/stm32f7xx_hal_rcc.o
                0x0000000008001890                HAL_RCC_OscConfig
 .text.HAL_RCC_ClockConfig
                0x0000000008001dec      0x1d8 ./Drivers/STM32F7xx_HAL_Driver/Src/stm32f7xx_hal_rcc.o
                0x0000000008001dec                HAL_RCC_ClockConfig
 .text.HAL_RCC_GetSysClockFreq
                0x0000000008001fc4      0x18c ./Drivers/STM32F7xx_HAL_Driver/Src/stm32f7xx_hal_rcc.o
                0x0000000008001fc4                HAL_RCC_GetSysClockFreq
 .text.HAL_RCC_GetHCLKFreq
                0x0000000008002150       0x18 ./Drivers/STM32F7xx_HAL_Driver/Src/stm32f7xx_hal_rcc.o
                0x0000000008002150                HAL_RCC_GetHCLKFreq
 .text.HAL_RCC_GetPCLK1Freq
                0x0000000008002168       0x28 ./Drivers/STM32F7xx_HAL_Driver/Src/stm32f7xx_hal_rcc.o
                0x0000000008002168                HAL_RCC_GetPCLK1Freq
 .text.HAL_RCC_GetPCLK2Freq
                0x0000000008002190       0x28 ./Drivers/STM32F7xx_HAL_Driver/Src/stm32f7xx_hal_rcc.o
                0x0000000008002190                HAL_RCC_GetPCLK2Freq
 .text.HAL_RCCEx_PeriphCLKConfig
                0x00000000080021b8      0x850 ./Drivers/STM32F7xx_HAL_Driver/Src/stm32f7xx_hal_rcc_ex.o
                0x00000000080021b8                HAL_RCCEx_PeriphCLKConfig
 .text.HAL_SPI_Init
                0x0000000008002a08      0x156 ./Drivers/STM32F7xx_HAL_Driver/Src/stm32f7xx_hal_spi.o
                0x0000000008002a08                HAL_SPI_Init
 *fill*         0x0000000008002b5e        0x2 
 .text.HAL_SPI_Transmit_IT
                0x0000000008002b60      0x11c ./Drivers/STM32F7xx_HAL_Driver/Src/stm32f7xx_hal_spi.o
                0x0000000008002b60                HAL_SPI_Transmit_IT
 .text.HAL_SPI_Receive_IT
                0x0000000008002c7c      0x160 ./Drivers/STM32F7xx_HAL_Driver/Src/stm32f7xx_hal_spi.o
                0x0000000008002c7c                HAL_SPI_Receive_IT
 .text.HAL_SPI_TransmitReceive_IT
                0x0000000008002ddc      0x160 ./Drivers/STM32F7xx_HAL_Driver/Src/stm32f7xx_hal_spi.o
                0x0000000008002ddc                HAL_SPI_TransmitReceive_IT
 .text.HAL_SPI_IRQHandler
                0x0000000008002f3c      0x1e8 ./Drivers/STM32F7xx_HAL_Driver/Src/stm32f7xx_hal_spi.o
                0x0000000008002f3c                HAL_SPI_IRQHandler
 .text.HAL_SPI_TxRxCpltCallback
                0x0000000008003124       0x14 ./Drivers/STM32F7xx_HAL_Driver/Src/stm32f7xx_hal_spi.o
                0x0000000008003124                HAL_SPI_TxRxCpltCallback
 .text.SPI_DMAAbortOnError
                0x0000000008003138       0x2a ./Drivers/STM32F7xx_HAL_Driver/Src/stm32f7xx_hal_spi.o
 .text.SPI_2linesRxISR_8BIT
                0x0000000008003162       0xbe ./Drivers/STM32F7xx_HAL_Driver/Src/stm32f7xx_hal_spi.o
 .text.SPI_2linesTxISR_8BIT
                0x0000000008003220       0x92 ./Drivers/STM32F7xx_HAL_Driver/Src/stm32f7xx_hal_spi.o
 .text.SPI_2linesRxISR_16BIT
                0x00000000080032b2       0x66 ./Drivers/STM32F7xx_HAL_Driver/Src/stm32f7xx_hal_spi.o
 .text.SPI_2linesTxISR_16BIT
                0x0000000008003318       0x60 ./Drivers/STM32F7xx_HAL_Driver/Src/stm32f7xx_hal_spi.o
 .text.SPI_RxISR_8BIT
                0x0000000008003378       0x50 ./Drivers/STM32F7xx_HAL_Driver/Src/stm32f7xx_hal_spi.o
 .text.SPI_RxISR_16BIT
                0x00000000080033c8       0x4c ./Drivers/STM32F7xx_HAL_Driver/Src/stm32f7xx_hal_spi.o
 .text.SPI_TxISR_8BIT
                0x0000000008003414       0x46 ./Drivers/STM32F7xx_HAL_Driver/Src/stm32f7xx_hal_spi.o
 .text.SPI_TxISR_16BIT
                0x000000000800345a       0x44 ./Drivers/STM32F7xx_HAL_Driver/Src/stm32f7xx_hal_spi.o
 *fill*         0x000000000800349e        0x2 
 .text.SPI_WaitFlagStateUntilTimeout
                0x00000000080034a0      0x110 ./Drivers/STM32F7xx_HAL_Driver/Src/stm32f7xx_hal_spi.o
 .text.SPI_WaitFifoStateUntilTimeout
                0x00000000080035b0      0x12c ./Drivers/STM32F7xx_HAL_Driver/Src/stm32f7xx_hal_spi.o
 .text.SPI_EndRxTransaction
                0x00000000080036dc       0xf8 ./Drivers/STM32F7xx_HAL_Driver/Src/stm32f7xx_hal_spi.o
 .text.SPI_EndRxTxTransaction
                0x00000000080037d4       0xd4 ./Drivers/STM32F7xx_HAL_Driver/Src/stm32f7xx_hal_spi.o
 .text.SPI_CloseRxTx_ISR
                0x00000000080038a8       0x84 ./Drivers/STM32F7xx_HAL_Driver/Src/stm32f7xx_hal_spi.o
 .text.SPI_CloseRx_ISR
                0x000000000800392c       0x60 ./Drivers/STM32F7xx_HAL_Driver/Src/stm32f7xx_hal_spi.o
 .text.SPI_CloseTx_ISR
                0x000000000800398c       0x7e ./Drivers/STM32F7xx_HAL_Driver/Src/stm32f7xx_hal_spi.o
 .text.HAL_UART_Init
                0x0000000008003a0a       0x9c ./Drivers/STM32F7xx_HAL_Driver/Src/stm32f7xx_hal_uart.o
                0x0000000008003a0a                HAL_UART_Init
 .text.HAL_UART_Transmit
                0x0000000008003aa6      0x106 ./Drivers/STM32F7xx_HAL_Driver/Src/stm32f7xx_hal_uart.o
                0x0000000008003aa6                HAL_UART_Transmit
 .text.HAL_UART_IRQHandler
                0x0000000008003bac      0x5d0 ./Drivers/STM32F7xx_HAL_Driver/Src/stm32f7xx_hal_uart.o
                0x0000000008003bac                HAL_UART_IRQHandler
 .text.HAL_UART_TxCpltCallback
                0x000000000800417c       0x14 ./Drivers/STM32F7xx_HAL_Driver/Src/stm32f7xx_hal_uart.o
                0x000000000800417c                HAL_UART_TxCpltCallback
 .text.HAL_UART_ErrorCallback
                0x0000000008004190       0x14 ./Drivers/STM32F7xx_HAL_Driver/Src/stm32f7xx_hal_uart.o
                0x0000000008004190                HAL_UART_ErrorCallback
 .text.HAL_UARTEx_RxEventCallback
                0x00000000080041a4       0x18 ./Drivers/STM32F7xx_HAL_Driver/Src/stm32f7xx_hal_uart.o
                0x00000000080041a4                HAL_UARTEx_RxEventCallback
 .text.HAL_UARTEx_WakeupCallback
                0x00000000080041bc       0x14 ./Drivers/STM32F7xx_HAL_Driver/Src/stm32f7xx_hal_uart.o
                0x00000000080041bc                HAL_UARTEx_WakeupCallback
 .text.UART_SetConfig
                0x00000000080041d0      0x4c8 ./Drivers/STM32F7xx_HAL_Driver/Src/stm32f7xx_hal_uart.o
                0x00000000080041d0                UART_SetConfig
 .text.UART_AdvFeatureConfig
                0x0000000008004698      0x144 ./Drivers/STM32F7xx_HAL_Driver/Src/stm32f7xx_hal_uart.o
                0x0000000008004698                UART_AdvFeatureConfig
 .text.UART_CheckIdleState
                0x00000000080047dc       0x9a ./Drivers/STM32F7xx_HAL_Driver/Src/stm32f7xx_hal_uart.o
                0x00000000080047dc                UART_CheckIdleState
 .text.UART_WaitOnFlagUntilTimeout
                0x0000000008004876      0x18c ./Drivers/STM32F7xx_HAL_Driver/Src/stm32f7xx_hal_uart.o
                0x0000000008004876                UART_WaitOnFlagUntilTimeout
 .text.UART_EndRxTransfer
                0x0000000008004a02       0xc8 ./Drivers/STM32F7xx_HAL_Driver/Src/stm32f7xx_hal_uart.o
 .text.UART_DMAAbortOnError
                0x0000000008004aca       0x2c ./Drivers/STM32F7xx_HAL_Driver/Src/stm32f7xx_hal_uart.o
 .text.UART_EndTransmit_IT
                0x0000000008004af6       0x54 ./Drivers/STM32F7xx_HAL_Driver/Src/stm32f7xx_hal_uart.o
 *fill*         0x0000000008004b4a        0x2 
 .text.std      0x0000000008004b4c       0x6c /opt/st/stm32cubeide_1.13.2/plugins/com.st.stm32cube.ide.mcu.externaltools.gnu-tools-for-stm32.11.3.rel1.linux64_1.1.1.202309131626/tools/bin/../lib/gcc/arm-none-eabi/11.3.1/../../../../arm-none-eabi/lib/thumb/v7e-m+dp/hard/libc_nano.a(libc_a-findfp.o)
 .text.stdio_exit_handler
                0x0000000008004bb8       0x18 /opt/st/stm32cubeide_1.13.2/plugins/com.st.stm32cube.ide.mcu.externaltools.gnu-tools-for-stm32.11.3.rel1.linux64_1.1.1.202309131626/tools/bin/../lib/gcc/arm-none-eabi/11.3.1/../../../../arm-none-eabi/lib/thumb/v7e-m+dp/hard/libc_nano.a(libc_a-findfp.o)
 .text.cleanup_stdio
                0x0000000008004bd0       0x40 /opt/st/stm32cubeide_1.13.2/plugins/com.st.stm32cube.ide.mcu.externaltools.gnu-tools-for-stm32.11.3.rel1.linux64_1.1.1.202309131626/tools/bin/../lib/gcc/arm-none-eabi/11.3.1/../../../../arm-none-eabi/lib/thumb/v7e-m+dp/hard/libc_nano.a(libc_a-findfp.o)
 .text.global_stdio_init.part.0
                0x0000000008004c10       0x3c /opt/st/stm32cubeide_1.13.2/plugins/com.st.stm32cube.ide.mcu.externaltools.gnu-tools-for-stm32.11.3.rel1.linux64_1.1.1.202309131626/tools/bin/../lib/gcc/arm-none-eabi/11.3.1/../../../../arm-none-eabi/lib/thumb/v7e-m+dp/hard/libc_nano.a(libc_a-findfp.o)
 .text.__sfp_lock_acquire
                0x0000000008004c4c        0xc /opt/st/stm32cubeide_1.13.2/plugins/com.st.stm32cube.ide.mcu.externaltools.gnu-tools-for-stm32.11.3.rel1.linux64_1.1.1.202309131626/tools/bin/../lib/gcc/arm-none-eabi/11.3.1/../../../../arm-none-eabi/lib/thumb/v7e-m+dp/hard/libc_nano.a(libc_a-findfp.o)
                0x0000000008004c4c                __sfp_lock_acquire
 .text.__sfp_lock_release
                0x0000000008004c58        0xc /opt/st/stm32cubeide_1.13.2/plugins/com.st.stm32cube.ide.mcu.externaltools.gnu-tools-for-stm32.11.3.rel1.linux64_1.1.1.202309131626/tools/bin/../lib/gcc/arm-none-eabi/11.3.1/../../../../arm-none-eabi/lib/thumb/v7e-m+dp/hard/libc_nano.a(libc_a-findfp.o)
                0x0000000008004c58                __sfp_lock_release
 .text.__sinit  0x0000000008004c64       0x30 /opt/st/stm32cubeide_1.13.2/plugins/com.st.stm32cube.ide.mcu.externaltools.gnu-tools-for-stm32.11.3.rel1.linux64_1.1.1.202309131626/tools/bin/../lib/gcc/arm-none-eabi/11.3.1/../../../../arm-none-eabi/lib/thumb/v7e-m+dp/hard/libc_nano.a(libc_a-findfp.o)
                0x0000000008004c64                __sinit
 .text._fwalk_sglue
                0x0000000008004c94       0x3c /opt/st/stm32cubeide_1.13.2/plugins/com.st.stm32cube.ide.mcu.externaltools.gnu-tools-for-stm32.11.3.rel1.linux64_1.1.1.202309131626/tools/bin/../lib/gcc/arm-none-eabi/11.3.1/../../../../arm-none-eabi/lib/thumb/v7e-m+dp/hard/libc_nano.a(libc_a-fwalk.o)
                0x0000000008004c94                _fwalk_sglue
 .text.printf   0x0000000008004cd0       0x24 /opt/st/stm32cubeide_1.13.2/plugins/com.st.stm32cube.ide.mcu.externaltools.gnu-tools-for-stm32.11.3.rel1.linux64_1.1.1.202309131626/tools/bin/../lib/gcc/arm-none-eabi/11.3.1/../../../../arm-none-eabi/lib/thumb/v7e-m+dp/hard/libc_nano.a(libc_a-printf.o)
                0x0000000008004cd0                printf
                0x0000000008004cd0                iprintf
 .text._puts_r  0x0000000008004cf4       0xa8 /opt/st/stm32cubeide_1.13.2/plugins/com.st.stm32cube.ide.mcu.externaltools.gnu-tools-for-stm32.11.3.rel1.linux64_1.1.1.202309131626/tools/bin/../lib/gcc/arm-none-eabi/11.3.1/../../../../arm-none-eabi/lib/thumb/v7e-m+dp/hard/libc_nano.a(libc_a-puts.o)
                0x0000000008004cf4                _puts_r
 .text.puts     0x0000000008004d9c       0x10 /opt/st/stm32cubeide_1.13.2/plugins/com.st.stm32cube.ide.mcu.externaltools.gnu-tools-for-stm32.11.3.rel1.linux64_1.1.1.202309131626/tools/bin/../lib/gcc/arm-none-eabi/11.3.1/../../../../arm-none-eabi/lib/thumb/v7e-m+dp/hard/libc_nano.a(libc_a-puts.o)
                0x0000000008004d9c                puts
 .text.__sread  0x0000000008004dac       0x22 /opt/st/stm32cubeide_1.13.2/plugins/com.st.stm32cube.ide.mcu.externaltools.gnu-tools-for-stm32.11.3.rel1.linux64_1.1.1.202309131626/tools/bin/../lib/gcc/arm-none-eabi/11.3.1/../../../../arm-none-eabi/lib/thumb/v7e-m+dp/hard/libc_nano.a(libc_a-stdio.o)
                0x0000000008004dac                __sread
 .text.__swrite
                0x0000000008004dce       0x38 /opt/st/stm32cubeide_1.13.2/plugins/com.st.stm32cube.ide.mcu.externaltools.gnu-tools-for-stm32.11.3.rel1.linux64_1.1.1.202309131626/tools/bin/../lib/gcc/arm-none-eabi/11.3.1/../../../../arm-none-eabi/lib/thumb/v7e-m+dp/hard/libc_nano.a(libc_a-stdio.o)
                0x0000000008004dce                __swrite
 .text.__sseek  0x0000000008004e06       0x24 /opt/st/stm32cubeide_1.13.2/plugins/com.st.stm32cube.ide.mcu.externaltools.gnu-tools-for-stm32.11.3.rel1.linux64_1.1.1.202309131626/tools/bin/../lib/gcc/arm-none-eabi/11.3.1/../../../../arm-none-eabi/lib/thumb/v7e-m+dp/hard/libc_nano.a(libc_a-stdio.o)
                0x0000000008004e06                __sseek
 .text.__sclose
                0x0000000008004e2a        0x8 /opt/st/stm32cubeide_1.13.2/plugins/com.st.stm32cube.ide.mcu.externaltools.gnu-tools-for-stm32.11.3.rel1.linux64_1.1.1.202309131626/tools/bin/../lib/gcc/arm-none-eabi/11.3.1/../../../../arm-none-eabi/lib/thumb/v7e-m+dp/hard/libc_nano.a(libc_a-stdio.o)
                0x0000000008004e2a                __sclose
 .text.__swbuf_r
                0x0000000008004e32       0x7a /opt/st/stm32cubeide_1.13.2/plugins/com.st.stm32cube.ide.mcu.externaltools.gnu-tools-for-stm32.11.3.rel1.linux64_1.1.1.202309131626/tools/bin/../lib/gcc/arm-none-eabi/11.3.1/../../../../arm-none-eabi/lib/thumb/v7e-m+dp/hard/libc_nano.a(libc_a-wbuf.o)
                0x0000000008004e32                __swbuf_r
 .text.__swsetup_r
                0x0000000008004eac       0xb0 /opt/st/stm32cubeide_1.13.2/plugins/com.st.stm32cube.ide.mcu.externaltools.gnu-tools-for-stm32.11.3.rel1.linux64_1.1.1.202309131626/tools/bin/../lib/gcc/arm-none-eabi/11.3.1/../../../../arm-none-eabi/lib/thumb/v7e-m+dp/hard/libc_nano.a(libc_a-wsetup.o)
                0x0000000008004eac                __swsetup_r
 .text.memset   0x0000000008004f5c       0x10 /opt/st/stm32cubeide_1.13.2/plugins/com.st.stm32cube.ide.mcu.externaltools.gnu-tools-for-stm32.11.3.rel1.linux64_1.1.1.202309131626/tools/bin/../lib/gcc/arm-none-eabi/11.3.1/../../../../arm-none-eabi/lib/thumb/v7e-m+dp/hard/libc_nano.a(libc_a-memset.o)
                0x0000000008004f5c                memset
 .text._close_r
                0x0000000008004f6c       0x20 /opt/st/stm32cubeide_1.13.2/plugins/com.st.stm32cube.ide.mcu.externaltools.gnu-tools-for-stm32.11.3.rel1.linux64_1.1.1.202309131626/tools/bin/../lib/gcc/arm-none-eabi/11.3.1/../../../../arm-none-eabi/lib/thumb/v7e-m+dp/hard/libc_nano.a(libc_a-closer.o)
                0x0000000008004f6c                _close_r
 .text._lseek_r
                0x0000000008004f8c       0x24 /opt/st/stm32cubeide_1.13.2/plugins/com.st.stm32cube.ide.mcu.externaltools.gnu-tools-for-stm32.11.3.rel1.linux64_1.1.1.202309131626/tools/bin/../lib/gcc/arm-none-eabi/11.3.1/../../../../arm-none-eabi/lib/thumb/v7e-m+dp/hard/libc_nano.a(libc_a-lseekr.o)
                0x0000000008004f8c                _lseek_r
 .text._read_r  0x0000000008004fb0       0x24 /opt/st/stm32cubeide_1.13.2/plugins/com.st.stm32cube.ide.mcu.externaltools.gnu-tools-for-stm32.11.3.rel1.linux64_1.1.1.202309131626/tools/bin/../lib/gcc/arm-none-eabi/11.3.1/../../../../arm-none-eabi/lib/thumb/v7e-m+dp/hard/libc_nano.a(libc_a-readr.o)
                0x0000000008004fb0                _read_r
 .text._write_r
                0x0000000008004fd4       0x24 /opt/st/stm32cubeide_1.13.2/plugins/com.st.stm32cube.ide.mcu.externaltools.gnu-tools-for-stm32.11.3.rel1.linux64_1.1.1.202309131626/tools/bin/../lib/gcc/arm-none-eabi/11.3.1/../../../../arm-none-eabi/lib/thumb/v7e-m+dp/hard/libc_nano.a(libc_a-writer.o)
                0x0000000008004fd4                _write_r
 .text.__errno  0x0000000008004ff8        0xc /opt/st/stm32cubeide_1.13.2/plugins/com.st.stm32cube.ide.mcu.externaltools.gnu-tools-for-stm32.11.3.rel1.linux64_1.1.1.202309131626/tools/bin/../lib/gcc/arm-none-eabi/11.3.1/../../../../arm-none-eabi/lib/thumb/v7e-m+dp/hard/libc_nano.a(libc_a-errno.o)
                0x0000000008004ff8                __errno
 .text.__libc_init_array
                0x0000000008005004       0x48 /opt/st/stm32cubeide_1.13.2/plugins/com.st.stm32cube.ide.mcu.externaltools.gnu-tools-for-stm32.11.3.rel1.linux64_1.1.1.202309131626/tools/bin/../lib/gcc/arm-none-eabi/11.3.1/../../../../arm-none-eabi/lib/thumb/v7e-m+dp/hard/libc_nano.a(libc_a-init.o)
                0x0000000008005004                __libc_init_array
 .text.__retarget_lock_init_recursive
                0x000000000800504c        0x2 /opt/st/stm32cubeide_1.13.2/plugins/com.st.stm32cube.ide.mcu.externaltools.gnu-tools-for-stm32.11.3.rel1.linux64_1.1.1.202309131626/tools/bin/../lib/gcc/arm-none-eabi/11.3.1/../../../../arm-none-eabi/lib/thumb/v7e-m+dp/hard/libc_nano.a(libc_a-lock.o)
                0x000000000800504c                __retarget_lock_init_recursive
 .text.__retarget_lock_acquire_recursive
                0x000000000800504e        0x2 /opt/st/stm32cubeide_1.13.2/plugins/com.st.stm32cube.ide.mcu.externaltools.gnu-tools-for-stm32.11.3.rel1.linux64_1.1.1.202309131626/tools/bin/../lib/gcc/arm-none-eabi/11.3.1/../../../../arm-none-eabi/lib/thumb/v7e-m+dp/hard/libc_nano.a(libc_a-lock.o)
                0x000000000800504e                __retarget_lock_acquire_recursive
 .text.__retarget_lock_release_recursive
                0x0000000008005050        0x2 /opt/st/stm32cubeide_1.13.2/plugins/com.st.stm32cube.ide.mcu.externaltools.gnu-tools-for-stm32.11.3.rel1.linux64_1.1.1.202309131626/tools/bin/../lib/gcc/arm-none-eabi/11.3.1/../../../../arm-none-eabi/lib/thumb/v7e-m+dp/hard/libc_nano.a(libc_a-lock.o)
                0x0000000008005050                __retarget_lock_release_recursive
 *fill*         0x0000000008005052        0x2 
 .text._free_r  0x0000000008005054       0x98 /opt/st/stm32cubeide_1.13.2/plugins/com.st.stm32cube.ide.mcu.externaltools.gnu-tools-for-stm32.11.3.rel1.linux64_1.1.1.202309131626/tools/bin/../lib/gcc/arm-none-eabi/11.3.1/../../../../arm-none-eabi/lib/thumb/v7e-m+dp/hard/libc_nano.a(libc_a-freer.o)
                0x0000000008005054                _free_r
 .text.sbrk_aligned
                0x00000000080050ec       0x40 /opt/st/stm32cubeide_1.13.2/plugins/com.st.stm32cube.ide.mcu.externaltools.gnu-tools-for-stm32.11.3.rel1.linux64_1.1.1.202309131626/tools/bin/../lib/gcc/arm-none-eabi/11.3.1/../../../../arm-none-eabi/lib/thumb/v7e-m+dp/hard/libc_nano.a(libc_a-mallocr.o)
 .text._malloc_r
                0x000000000800512c      0x100 /opt/st/stm32cubeide_1.13.2/plugins/com.st.stm32cube.ide.mcu.externaltools.gnu-tools-for-stm32.11.3.rel1.linux64_1.1.1.202309131626/tools/bin/../lib/gcc/arm-none-eabi/11.3.1/../../../../arm-none-eabi/lib/thumb/v7e-m+dp/hard/libc_nano.a(libc_a-mallocr.o)
                0x000000000800512c                _malloc_r
 .text.__malloc_lock
                0x000000000800522c        0xc /opt/st/stm32cubeide_1.13.2/plugins/com.st.stm32cube.ide.mcu.externaltools.gnu-tools-for-stm32.11.3.rel1.linux64_1.1.1.202309131626/tools/bin/../lib/gcc/arm-none-eabi/11.3.1/../../../../arm-none-eabi/lib/thumb/v7e-m+dp/hard/libc_nano.a(libc_a-mlock.o)
                0x000000000800522c                __malloc_lock
 .text.__malloc_unlock
                0x0000000008005238        0xc /opt/st/stm32cubeide_1.13.2/plugins/com.st.stm32cube.ide.mcu.externaltools.gnu-tools-for-stm32.11.3.rel1.linux64_1.1.1.202309131626/tools/bin/../lib/gcc/arm-none-eabi/11.3.1/../../../../arm-none-eabi/lib/thumb/v7e-m+dp/hard/libc_nano.a(libc_a-mlock.o)
                0x0000000008005238                __malloc_unlock
 .text.__sfputc_r
                0x0000000008005244       0x2e /opt/st/stm32cubeide_1.13.2/plugins/com.st.stm32cube.ide.mcu.externaltools.gnu-tools-for-stm32.11.3.rel1.linux64_1.1.1.202309131626/tools/bin/../lib/gcc/arm-none-eabi/11.3.1/../../../../arm-none-eabi/lib/thumb/v7e-m+dp/hard/libc_nano.a(libc_a-nano-vfprintf.o)
 .text.__sfputs_r
                0x0000000008005272       0x24 /opt/st/stm32cubeide_1.13.2/plugins/com.st.stm32cube.ide.mcu.externaltools.gnu-tools-for-stm32.11.3.rel1.linux64_1.1.1.202309131626/tools/bin/../lib/gcc/arm-none-eabi/11.3.1/../../../../arm-none-eabi/lib/thumb/v7e-m+dp/hard/libc_nano.a(libc_a-nano-vfprintf.o)
                0x0000000008005272                __sfputs_r
 *fill*         0x0000000008005296        0x2 
 .text._vfprintf_r
                0x0000000008005298      0x234 /opt/st/stm32cubeide_1.13.2/plugins/com.st.stm32cube.ide.mcu.externaltools.gnu-tools-for-stm32.11.3.rel1.linux64_1.1.1.202309131626/tools/bin/../lib/gcc/arm-none-eabi/11.3.1/../../../../arm-none-eabi/lib/thumb/v7e-m+dp/hard/libc_nano.a(libc_a-nano-vfprintf.o)
                0x0000000008005298                _vfiprintf_r
                0x0000000008005298                _vfprintf_r
 .text._printf_common
                0x00000000080054cc       0xda /opt/st/stm32cubeide_1.13.2/plugins/com.st.stm32cube.ide.mcu.externaltools.gnu-tools-for-stm32.11.3.rel1.linux64_1.1.1.202309131626/tools/bin/../lib/gcc/arm-none-eabi/11.3.1/../../../../arm-none-eabi/lib/thumb/v7e-m+dp/hard/libc_nano.a(libc_a-nano-vfprintf_i.o)
                0x00000000080054cc                _printf_common
 *fill*         0x00000000080055a6        0x2 
 .text._printf_i
                0x00000000080055a8      0x244 /opt/st/stm32cubeide_1.13.2/plugins/com.st.stm32cube.ide.mcu.externaltools.gnu-tools-for-stm32.11.3.rel1.linux64_1.1.1.202309131626/tools/bin/../lib/gcc/arm-none-eabi/11.3.1/../../../../arm-none-eabi/lib/thumb/v7e-m+dp/hard/libc_nano.a(libc_a-nano-vfprintf_i.o)
                0x00000000080055a8                _printf_i
 .text.__sflush_r
                0x00000000080057ec      0x10c /opt/st/stm32cubeide_1.13.2/plugins/com.st.stm32cube.ide.mcu.externaltools.gnu-tools-for-stm32.11.3.rel1.linux64_1.1.1.202309131626/tools/bin/../lib/gcc/arm-none-eabi/11.3.1/../../../../arm-none-eabi/lib/thumb/v7e-m+dp/hard/libc_nano.a(libc_a-fflush.o)
                0x00000000080057ec                __sflush_r
 .text._fflush_r
                0x00000000080058f8       0x50 /opt/st/stm32cubeide_1.13.2/plugins/com.st.stm32cube.ide.mcu.externaltools.gnu-tools-for-stm32.11.3.rel1.linux64_1.1.1.202309131626/tools/bin/../lib/gcc/arm-none-eabi/11.3.1/../../../../arm-none-eabi/lib/thumb/v7e-m+dp/hard/libc_nano.a(libc_a-fflush.o)
                0x00000000080058f8                _fflush_r
 .text.__swhatbuf_r
                0x0000000008005948       0x4c /opt/st/stm32cubeide_1.13.2/plugins/com.st.stm32cube.ide.mcu.externaltools.gnu-tools-for-stm32.11.3.rel1.linux64_1.1.1.202309131626/tools/bin/../lib/gcc/arm-none-eabi/11.3.1/../../../../arm-none-eabi/lib/thumb/v7e-m+dp/hard/libc_nano.a(libc_a-makebuf.o)
                0x0000000008005948                __swhatbuf_r
 .text.__smakebuf_r
                0x0000000008005994       0x78 /opt/st/stm32cubeide_1.13.2/plugins/com.st.stm32cube.ide.mcu.externaltools.gnu-tools-for-stm32.11.3.rel1.linux64_1.1.1.202309131626/tools/bin/../lib/gcc/arm-none-eabi/11.3.1/../../../../arm-none-eabi/lib/thumb/v7e-m+dp/hard/libc_nano.a(libc_a-makebuf.o)
                0x0000000008005994                __smakebuf_r
 .text._fstat_r
                0x0000000008005a0c       0x24 /opt/st/stm32cubeide_1.13.2/plugins/com.st.stm32cube.ide.mcu.externaltools.gnu-tools-for-stm32.11.3.rel1.linux64_1.1.1.202309131626/tools/bin/../lib/gcc/arm-none-eabi/11.3.1/../../../../arm-none-eabi/lib/thumb/v7e-m+dp/hard/libc_nano.a(libc_a-fstatr.o)
                0x0000000008005a0c                _fstat_r
 .text._isatty_r
                0x0000000008005a30       0x20 /opt/st/stm32cubeide_1.13.2/plugins/com.st.stm32cube.ide.mcu.externaltools.gnu-tools-for-stm32.11.3.rel1.linux64_1.1.1.202309131626/tools/bin/../lib/gcc/arm-none-eabi/11.3.1/../../../../arm-none-eabi/lib/thumb/v7e-m+dp/hard/libc_nano.a(libc_a-isattyr.o)
                0x0000000008005a30                _isatty_r
 .text._sbrk_r  0x0000000008005a50       0x20 /opt/st/stm32cubeide_1.13.2/plugins/com.st.stm32cube.ide.mcu.externaltools.gnu-tools-for-stm32.11.3.rel1.linux64_1.1.1.202309131626/tools/bin/../lib/gcc/arm-none-eabi/11.3.1/../../../../arm-none-eabi/lib/thumb/v7e-m+dp/hard/libc_nano.a(libc_a-sbrkr.o)
                0x0000000008005a50                _sbrk_r
 *(.glue_7)
 .glue_7        0x0000000008005a70        0x0 linker stubs
 *(.glue_7t)
 .glue_7t       0x0000000008005a70        0x0 linker stubs
 *(.eh_frame)
 .eh_frame      0x0000000008005a70        0x0 /opt/st/stm32cubeide_1.13.2/plugins/com.st.stm32cube.ide.mcu.externaltools.gnu-tools-for-stm32.11.3.rel1.linux64_1.1.1.202309131626/tools/bin/../lib/gcc/arm-none-eabi/11.3.1/thumb/v7e-m+dp/hard/crtbegin.o
 *(.init)
 .init          0x0000000008005a70        0x4 /opt/st/stm32cubeide_1.13.2/plugins/com.st.stm32cube.ide.mcu.externaltools.gnu-tools-for-stm32.11.3.rel1.linux64_1.1.1.202309131626/tools/bin/../lib/gcc/arm-none-eabi/11.3.1/thumb/v7e-m+dp/hard/crti.o
                0x0000000008005a70                _init
 .init          0x0000000008005a74        0x8 /opt/st/stm32cubeide_1.13.2/plugins/com.st.stm32cube.ide.mcu.externaltools.gnu-tools-for-stm32.11.3.rel1.linux64_1.1.1.202309131626/tools/bin/../lib/gcc/arm-none-eabi/11.3.1/thumb/v7e-m+dp/hard/crtn.o
 *(.fini)
 .fini          0x0000000008005a7c        0x4 /opt/st/stm32cubeide_1.13.2/plugins/com.st.stm32cube.ide.mcu.externaltools.gnu-tools-for-stm32.11.3.rel1.linux64_1.1.1.202309131626/tools/bin/../lib/gcc/arm-none-eabi/11.3.1/thumb/v7e-m+dp/hard/crti.o
                0x0000000008005a7c                _fini
 .fini          0x0000000008005a80        0x8 /opt/st/stm32cubeide_1.13.2/plugins/com.st.stm32cube.ide.mcu.externaltools.gnu-tools-for-stm32.11.3.rel1.linux64_1.1.1.202309131626/tools/bin/../lib/gcc/arm-none-eabi/11.3.1/thumb/v7e-m+dp/hard/crtn.o
                0x0000000008005a88                . = ALIGN (0x4)
                0x0000000008005a88                _etext = .

.vfp11_veneer   0x0000000008005a88        0x0
 .vfp11_veneer  0x0000000008005a88        0x0 linker stubs

.v4_bx          0x0000000008005a88        0x0
 .v4_bx         0x0000000008005a88        0x0 linker stubs

.iplt           0x0000000008005a88        0x0
 .iplt          0x0000000008005a88        0x0 /opt/st/stm32cubeide_1.13.2/plugins/com.st.stm32cube.ide.mcu.externaltools.gnu-tools-for-stm32.11.3.rel1.linux64_1.1.1.202309131626/tools/bin/../lib/gcc/arm-none-eabi/11.3.1/thumb/v7e-m+dp/hard/crtbegin.o

.rodata         0x0000000008005a88       0xe4
                0x0000000008005a88                . = ALIGN (0x4)
 *(.rodata)
 .rodata        0x0000000008005a88       0x95 ./Core/Src/main.o
 *(.rodata*)
 *fill*         0x0000000008005b1d        0x3 
 .rodata.AHBPrescTable
                0x0000000008005b20       0x10 ./Core/Src/system_stm32f7xx.o
                0x0000000008005b20                AHBPrescTable
 .rodata.APBPrescTable
                0x0000000008005b30        0x8 ./Core/Src/system_stm32f7xx.o
                0x0000000008005b30                APBPrescTable
 .rodata._vfprintf_r.str1.1
                0x0000000008005b38       0x11 /opt/st/stm32cubeide_1.13.2/plugins/com.st.stm32cube.ide.mcu.externaltools.gnu-tools-for-stm32.11.3.rel1.linux64_1.1.1.202309131626/tools/bin/../lib/gcc/arm-none-eabi/11.3.1/../../../../arm-none-eabi/lib/thumb/v7e-m+dp/hard/libc_nano.a(libc_a-nano-vfprintf.o)
 .rodata._printf_i.str1.1
                0x0000000008005b49       0x22 /opt/st/stm32cubeide_1.13.2/plugins/com.st.stm32cube.ide.mcu.externaltools.gnu-tools-for-stm32.11.3.rel1.linux64_1.1.1.202309131626/tools/bin/../lib/gcc/arm-none-eabi/11.3.1/../../../../arm-none-eabi/lib/thumb/v7e-m+dp/hard/libc_nano.a(libc_a-nano-vfprintf_i.o)
                0x0000000008005b6c                . = ALIGN (0x4)
 *fill*         0x0000000008005b6b        0x1 

.ARM.extab      0x0000000008005b6c        0x0
                0x0000000008005b6c                . = ALIGN (0x4)
 *(.ARM.extab* .gnu.linkonce.armextab.*)
                0x0000000008005b6c                . = ALIGN (0x4)

.ARM            0x0000000008005b6c        0x8
                0x0000000008005b6c                . = ALIGN (0x4)
                0x0000000008005b6c                __exidx_start = .
 *(.ARM.exidx*)
 .ARM.exidx     0x0000000008005b6c        0x8 /opt/st/stm32cubeide_1.13.2/plugins/com.st.stm32cube.ide.mcu.externaltools.gnu-tools-for-stm32.11.3.rel1.linux64_1.1.1.202309131626/tools/bin/../lib/gcc/arm-none-eabi/11.3.1/thumb/v7e-m+dp/hard/libgcc.a(_udivmoddi4.o)
                0x0000000008005b74                __exidx_end = .
                0x0000000008005b74                . = ALIGN (0x4)

.rel.dyn        0x0000000008005b74        0x0
 .rel.iplt      0x0000000008005b74        0x0 /opt/st/stm32cubeide_1.13.2/plugins/com.st.stm32cube.ide.mcu.externaltools.gnu-tools-for-stm32.11.3.rel1.linux64_1.1.1.202309131626/tools/bin/../lib/gcc/arm-none-eabi/11.3.1/thumb/v7e-m+dp/hard/crtbegin.o

.preinit_array  0x0000000008005b74        0x0
                0x0000000008005b74                . = ALIGN (0x4)
                0x0000000008005b74                PROVIDE (__preinit_array_start = .)
 *(.preinit_array*)
                0x0000000008005b74                PROVIDE (__preinit_array_end = .)
                0x0000000008005b74                . = ALIGN (0x4)

.init_array     0x0000000008005b74        0x4
                0x0000000008005b74                . = ALIGN (0x4)
                0x0000000008005b74                PROVIDE (__init_array_start = .)
 *(SORT_BY_NAME(.init_array.*))
 *(.init_array*)
 .init_array    0x0000000008005b74        0x4 /opt/st/stm32cubeide_1.13.2/plugins/com.st.stm32cube.ide.mcu.externaltools.gnu-tools-for-stm32.11.3.rel1.linux64_1.1.1.202309131626/tools/bin/../lib/gcc/arm-none-eabi/11.3.1/thumb/v7e-m+dp/hard/crtbegin.o
                0x0000000008005b78                PROVIDE (__init_array_end = .)
                0x0000000008005b78                . = ALIGN (0x4)

.fini_array     0x0000000008005b78        0x4
                0x0000000008005b78                . = ALIGN (0x4)
                [!provide]                        PROVIDE (__fini_array_start = .)
 *(SORT_BY_NAME(.fini_array.*))
 *(.fini_array*)
 .fini_array    0x0000000008005b78        0x4 /opt/st/stm32cubeide_1.13.2/plugins/com.st.stm32cube.ide.mcu.externaltools.gnu-tools-for-stm32.11.3.rel1.linux64_1.1.1.202309131626/tools/bin/../lib/gcc/arm-none-eabi/11.3.1/thumb/v7e-m+dp/hard/crtbegin.o
                [!provide]                        PROVIDE (__fini_array_end = .)
                0x0000000008005b7c                . = ALIGN (0x4)
                0x0000000008005b7c                _sidata = LOADADDR (.data)

.data           0x0000000020000000       0x8c load address 0x0000000008005b7c
                0x0000000020000000                . = ALIGN (0x4)
                0x0000000020000000                _sdata = .
 *(.data)
 *(.data*)
 .data.mod      0x0000000020000000        0x1 ./Core/Src/spi_slave.o
                0x0000000020000000                mod
 *fill*         0x0000000020000001        0x3 
 .data.regs     0x0000000020000004       0x10 ./Core/Src/spi_slave.o
                0x0000000020000004                regs
 .data.masks    0x0000000020000014       0x10 ./Core/Src/spi_slave.o
                0x0000000020000014                masks
 .data.SystemCoreClock
                0x0000000020000024        0x4 ./Core/Src/system_stm32f7xx.o
                0x0000000020000024                SystemCoreClock
 .data.uwTickPrio
                0x0000000020000028        0x4 ./Drivers/STM32F7xx_HAL_Driver/Src/stm32f7xx_hal.o
                0x0000000020000028                uwTickPrio
 .data.uwTickFreq
                0x000000002000002c        0x1 ./Drivers/STM32F7xx_HAL_Driver/Src/stm32f7xx_hal.o
                0x000000002000002c                uwTickFreq
 *fill*         0x000000002000002d        0x3 
 .data.__sglue  0x0000000020000030        0xc /opt/st/stm32cubeide_1.13.2/plugins/com.st.stm32cube.ide.mcu.externaltools.gnu-tools-for-stm32.11.3.rel1.linux64_1.1.1.202309131626/tools/bin/../lib/gcc/arm-none-eabi/11.3.1/../../../../arm-none-eabi/lib/thumb/v7e-m+dp/hard/libc_nano.a(libc_a-findfp.o)
                0x0000000020000030                __sglue
 .data._impure_data
                0x000000002000003c       0x4c /opt/st/stm32cubeide_1.13.2/plugins/com.st.stm32cube.ide.mcu.externaltools.gnu-tools-for-stm32.11.3.rel1.linux64_1.1.1.202309131626/tools/bin/../lib/gcc/arm-none-eabi/11.3.1/../../../../arm-none-eabi/lib/thumb/v7e-m+dp/hard/libc_nano.a(libc_a-impure.o)
                0x000000002000003c                _impure_data
 .data._impure_ptr
                0x0000000020000088        0x4 /opt/st/stm32cubeide_1.13.2/plugins/com.st.stm32cube.ide.mcu.externaltools.gnu-tools-for-stm32.11.3.rel1.linux64_1.1.1.202309131626/tools/bin/../lib/gcc/arm-none-eabi/11.3.1/../../../../arm-none-eabi/lib/thumb/v7e-m+dp/hard/libc_nano.a(libc_a-impure.o)
                0x0000000020000088                _impure_ptr
 *(.RamFunc)
 *(.RamFunc*)
                0x000000002000008c                . = ALIGN (0x4)
                0x000000002000008c                _edata = .

.igot.plt       0x000000002000008c        0x0 load address 0x0000000008005c08
 .igot.plt      0x000000002000008c        0x0 /opt/st/stm32cubeide_1.13.2/plugins/com.st.stm32cube.ide.mcu.externaltools.gnu-tools-for-stm32.11.3.rel1.linux64_1.1.1.202309131626/tools/bin/../lib/gcc/arm-none-eabi/11.3.1/thumb/v7e-m+dp/hard/crtbegin.o
                0x000000002000008c                . = ALIGN (0x4)

.bss            0x000000002000008c      0x2c4 load address 0x0000000008005c08
                0x000000002000008c                _sbss = .
                0x000000002000008c                __bss_start__ = _sbss
 *(.bss)
 .bss           0x000000002000008c       0x1c /opt/st/stm32cubeide_1.13.2/plugins/com.st.stm32cube.ide.mcu.externaltools.gnu-tools-for-stm32.11.3.rel1.linux64_1.1.1.202309131626/tools/bin/../lib/gcc/arm-none-eabi/11.3.1/thumb/v7e-m+dp/hard/crtbegin.o
 *(.bss*)
 .bss.hspi2     0x00000000200000a8       0x64 ./Core/Src/main.o
                0x00000000200000a8                hspi2
 .bss.hspi5     0x000000002000010c       0x64 ./Core/Src/main.o
                0x000000002000010c                hspi5
 .bss.huart1    0x0000000020000170       0x88 ./Core/Src/main.o
                0x0000000020000170                huart1
 .bss.master_transmit
                0x00000000200001f8        0x1 ./Core/Src/main.o
                0x00000000200001f8                master_transmit
 .bss.slave_transmit
                0x00000000200001f9        0x1 ./Core/Src/main.o
                0x00000000200001f9                slave_transmit
 .bss.adress    0x00000000200001fa        0x1 ./Core/Src/spi_slave.o
                0x00000000200001fa                adress
 *fill*         0x00000000200001fb        0x1 
 .bss.__sbrk_heap_end
                0x00000000200001fc        0x4 ./Core/Src/sysmem.o
 .bss.uwTick    0x0000000020000200        0x4 ./Drivers/STM32F7xx_HAL_Driver/Src/stm32f7xx_hal.o
                0x0000000020000200                uwTick
 .bss.__sf      0x0000000020000204      0x138 /opt/st/stm32cubeide_1.13.2/plugins/com.st.stm32cube.ide.mcu.externaltools.gnu-tools-for-stm32.11.3.rel1.linux64_1.1.1.202309131626/tools/bin/../lib/gcc/arm-none-eabi/11.3.1/../../../../arm-none-eabi/lib/thumb/v7e-m+dp/hard/libc_nano.a(libc_a-findfp.o)
                0x0000000020000204                __sf
 .bss.__stdio_exit_handler
                0x000000002000033c        0x4 /opt/st/stm32cubeide_1.13.2/plugins/com.st.stm32cube.ide.mcu.externaltools.gnu-tools-for-stm32.11.3.rel1.linux64_1.1.1.202309131626/tools/bin/../lib/gcc/arm-none-eabi/11.3.1/../../../../arm-none-eabi/lib/thumb/v7e-m+dp/hard/libc_nano.a(libc_a-findfp.o)
                0x000000002000033c                __stdio_exit_handler
 .bss.errno     0x0000000020000340        0x4 /opt/st/stm32cubeide_1.13.2/plugins/com.st.stm32cube.ide.mcu.externaltools.gnu-tools-for-stm32.11.3.rel1.linux64_1.1.1.202309131626/tools/bin/../lib/gcc/arm-none-eabi/11.3.1/../../../../arm-none-eabi/lib/thumb/v7e-m+dp/hard/libc_nano.a(libc_a-reent.o)
                0x0000000020000340                errno
 .bss.__lock___malloc_recursive_mutex
                0x0000000020000344        0x1 /opt/st/stm32cubeide_1.13.2/plugins/com.st.stm32cube.ide.mcu.externaltools.gnu-tools-for-stm32.11.3.rel1.linux64_1.1.1.202309131626/tools/bin/../lib/gcc/arm-none-eabi/11.3.1/../../../../arm-none-eabi/lib/thumb/v7e-m+dp/hard/libc_nano.a(libc_a-lock.o)
                0x0000000020000344                __lock___malloc_recursive_mutex
 .bss.__lock___sfp_recursive_mutex
                0x0000000020000345        0x1 /opt/st/stm32cubeide_1.13.2/plugins/com.st.stm32cube.ide.mcu.externaltools.gnu-tools-for-stm32.11.3.rel1.linux64_1.1.1.202309131626/tools/bin/../lib/gcc/arm-none-eabi/11.3.1/../../../../arm-none-eabi/lib/thumb/v7e-m+dp/hard/libc_nano.a(libc_a-lock.o)
                0x0000000020000345                __lock___sfp_recursive_mutex
 *fill*         0x0000000020000346        0x2 
 .bss.__malloc_free_list
                0x0000000020000348        0x4 /opt/st/stm32cubeide_1.13.2/plugins/com.st.stm32cube.ide.mcu.externaltools.gnu-tools-for-stm32.11.3.rel1.linux64_1.1.1.202309131626/tools/bin/../lib/gcc/arm-none-eabi/11.3.1/../../../../arm-none-eabi/lib/thumb/v7e-m+dp/hard/libc_nano.a(libc_a-mallocr.o)
                0x0000000020000348                __malloc_free_list
 .bss.__malloc_sbrk_start
                0x000000002000034c        0x4 /opt/st/stm32cubeide_1.13.2/plugins/com.st.stm32cube.ide.mcu.externaltools.gnu-tools-for-stm32.11.3.rel1.linux64_1.1.1.202309131626/tools/bin/../lib/gcc/arm-none-eabi/11.3.1/../../../../arm-none-eabi/lib/thumb/v7e-m+dp/hard/libc_nano.a(libc_a-mallocr.o)
                0x000000002000034c                __malloc_sbrk_start
 *(COMMON)
                0x0000000020000350                . = ALIGN (0x4)
                0x0000000020000350                _ebss = .
                0x0000000020000350                __bss_end__ = _ebss

._user_heap_stack
                0x0000000020000350      0x600 load address 0x0000000008005c08
                0x0000000020000350                . = ALIGN (0x8)
                [!provide]                        PROVIDE (end = .)
                0x0000000020000350                PROVIDE (_end = .)
                0x0000000020000550                . = (. + _Min_Heap_Size)
 *fill*         0x0000000020000350      0x200 
                0x0000000020000950                . = (. + _Min_Stack_Size)
 *fill*         0x0000000020000550      0x400 
                0x0000000020000950                . = ALIGN (0x8)

/DISCARD/
 libc.a(*)
 libm.a(*)
 libgcc.a(*)

.ARM.attributes
                0x0000000000000000       0x2e
 *(.ARM.attributes)
 .ARM.attributes
                0x0000000000000000       0x1e /opt/st/stm32cubeide_1.13.2/plugins/com.st.stm32cube.ide.mcu.externaltools.gnu-tools-for-stm32.11.3.rel1.linux64_1.1.1.202309131626/tools/bin/../lib/gcc/arm-none-eabi/11.3.1/thumb/v7e-m+dp/hard/crti.o
 .ARM.attributes
                0x000000000000001e       0x32 /opt/st/stm32cubeide_1.13.2/plugins/com.st.stm32cube.ide.mcu.externaltools.gnu-tools-for-stm32.11.3.rel1.linux64_1.1.1.202309131626/tools/bin/../lib/gcc/arm-none-eabi/11.3.1/thumb/v7e-m+dp/hard/crtbegin.o
 .ARM.attributes
                0x0000000000000050       0x32 ./Core/Src/main.o
 .ARM.attributes
                0x0000000000000082       0x32 ./Core/Src/my_spi_driver.o
 .ARM.attributes
                0x00000000000000b4       0x32 ./Core/Src/spi_slave.o
 .ARM.attributes
                0x00000000000000e6       0x32 ./Core/Src/stm32f7xx_hal_msp.o
 .ARM.attributes
                0x0000000000000118       0x32 ./Core/Src/stm32f7xx_it.o
 .ARM.attributes
                0x000000000000014a       0x32 ./Core/Src/syscalls.o
 .ARM.attributes
                0x000000000000017c       0x32 ./Core/Src/sysmem.o
 .ARM.attributes
                0x00000000000001ae       0x32 ./Core/Src/system_stm32f7xx.o
 .ARM.attributes
                0x00000000000001e0       0x21 ./Core/Startup/startup_stm32f769nihx.o
 .ARM.attributes
                0x0000000000000201       0x32 ./Drivers/STM32F7xx_HAL_Driver/Src/stm32f7xx_hal.o
 .ARM.attributes
                0x0000000000000233       0x32 ./Drivers/STM32F7xx_HAL_Driver/Src/stm32f7xx_hal_cortex.o
 .ARM.attributes
                0x0000000000000265       0x32 ./Drivers/STM32F7xx_HAL_Driver/Src/stm32f7xx_hal_dma.o
 .ARM.attributes
                0x0000000000000297       0x32 ./Drivers/STM32F7xx_HAL_Driver/Src/stm32f7xx_hal_gpio.o
 .ARM.attributes
                0x00000000000002c9       0x32 ./Drivers/STM32F7xx_HAL_Driver/Src/stm32f7xx_hal_rcc.o
 .ARM.attributes
                0x00000000000002fb       0x32 ./Drivers/STM32F7xx_HAL_Driver/Src/stm32f7xx_hal_rcc_ex.o
 .ARM.attributes
                0x000000000000032d       0x32 ./Drivers/STM32F7xx_HAL_Driver/Src/stm32f7xx_hal_spi.o
 .ARM.attributes
                0x000000000000035f       0x32 ./Drivers/STM32F7xx_HAL_Driver/Src/stm32f7xx_hal_uart.o
 .ARM.attributes
                0x0000000000000391       0x32 /opt/st/stm32cubeide_1.13.2/plugins/com.st.stm32cube.ide.mcu.externaltools.gnu-tools-for-stm32.11.3.rel1.linux64_1.1.1.202309131626/tools/bin/../lib/gcc/arm-none-eabi/11.3.1/../../../../arm-none-eabi/lib/thumb/v7e-m+dp/hard/libc_nano.a(libc_a-findfp.o)
 .ARM.attributes
                0x00000000000003c3       0x32 /opt/st/stm32cubeide_1.13.2/plugins/com.st.stm32cube.ide.mcu.externaltools.gnu-tools-for-stm32.11.3.rel1.linux64_1.1.1.202309131626/tools/bin/../lib/gcc/arm-none-eabi/11.3.1/../../../../arm-none-eabi/lib/thumb/v7e-m+dp/hard/libc_nano.a(libc_a-fwalk.o)
 .ARM.attributes
                0x00000000000003f5       0x32 /opt/st/stm32cubeide_1.13.2/plugins/com.st.stm32cube.ide.mcu.externaltools.gnu-tools-for-stm32.11.3.rel1.linux64_1.1.1.202309131626/tools/bin/../lib/gcc/arm-none-eabi/11.3.1/../../../../arm-none-eabi/lib/thumb/v7e-m+dp/hard/libc_nano.a(libc_a-printf.o)
 .ARM.attributes
                0x0000000000000427       0x32 /opt/st/stm32cubeide_1.13.2/plugins/com.st.stm32cube.ide.mcu.externaltools.gnu-tools-for-stm32.11.3.rel1.linux64_1.1.1.202309131626/tools/bin/../lib/gcc/arm-none-eabi/11.3.1/../../../../arm-none-eabi/lib/thumb/v7e-m+dp/hard/libc_nano.a(libc_a-puts.o)
 .ARM.attributes
                0x0000000000000459       0x32 /opt/st/stm32cubeide_1.13.2/plugins/com.st.stm32cube.ide.mcu.externaltools.gnu-tools-for-stm32.11.3.rel1.linux64_1.1.1.202309131626/tools/bin/../lib/gcc/arm-none-eabi/11.3.1/../../../../arm-none-eabi/lib/thumb/v7e-m+dp/hard/libc_nano.a(libc_a-stdio.o)
 .ARM.attributes
                0x000000000000048b       0x32 /opt/st/stm32cubeide_1.13.2/plugins/com.st.stm32cube.ide.mcu.externaltools.gnu-tools-for-stm32.11.3.rel1.linux64_1.1.1.202309131626/tools/bin/../lib/gcc/arm-none-eabi/11.3.1/../../../../arm-none-eabi/lib/thumb/v7e-m+dp/hard/libc_nano.a(libc_a-wbuf.o)
 .ARM.attributes
                0x00000000000004bd       0x32 /opt/st/stm32cubeide_1.13.2/plugins/com.st.stm32cube.ide.mcu.externaltools.gnu-tools-for-stm32.11.3.rel1.linux64_1.1.1.202309131626/tools/bin/../lib/gcc/arm-none-eabi/11.3.1/../../../../arm-none-eabi/lib/thumb/v7e-m+dp/hard/libc_nano.a(libc_a-wsetup.o)
 .ARM.attributes
                0x00000000000004ef       0x32 /opt/st/stm32cubeide_1.13.2/plugins/com.st.stm32cube.ide.mcu.externaltools.gnu-tools-for-stm32.11.3.rel1.linux64_1.1.1.202309131626/tools/bin/../lib/gcc/arm-none-eabi/11.3.1/../../../../arm-none-eabi/lib/thumb/v7e-m+dp/hard/libc_nano.a(libc_a-memset.o)
 .ARM.attributes
                0x0000000000000521       0x32 /opt/st/stm32cubeide_1.13.2/plugins/com.st.stm32cube.ide.mcu.externaltools.gnu-tools-for-stm32.11.3.rel1.linux64_1.1.1.202309131626/tools/bin/../lib/gcc/arm-none-eabi/11.3.1/../../../../arm-none-eabi/lib/thumb/v7e-m+dp/hard/libc_nano.a(libc_a-closer.o)
 .ARM.attributes
                0x0000000000000553       0x32 /opt/st/stm32cubeide_1.13.2/plugins/com.st.stm32cube.ide.mcu.externaltools.gnu-tools-for-stm32.11.3.rel1.linux64_1.1.1.202309131626/tools/bin/../lib/gcc/arm-none-eabi/11.3.1/../../../../arm-none-eabi/lib/thumb/v7e-m+dp/hard/libc_nano.a(libc_a-reent.o)
 .ARM.attributes
                0x0000000000000585       0x32 /opt/st/stm32cubeide_1.13.2/plugins/com.st.stm32cube.ide.mcu.externaltools.gnu-tools-for-stm32.11.3.rel1.linux64_1.1.1.202309131626/tools/bin/../lib/gcc/arm-none-eabi/11.3.1/../../../../arm-none-eabi/lib/thumb/v7e-m+dp/hard/libc_nano.a(libc_a-impure.o)
 .ARM.attributes
                0x00000000000005b7       0x32 /opt/st/stm32cubeide_1.13.2/plugins/com.st.stm32cube.ide.mcu.externaltools.gnu-tools-for-stm32.11.3.rel1.linux64_1.1.1.202309131626/tools/bin/../lib/gcc/arm-none-eabi/11.3.1/../../../../arm-none-eabi/lib/thumb/v7e-m+dp/hard/libc_nano.a(libc_a-lseekr.o)
 .ARM.attributes
                0x00000000000005e9       0x32 /opt/st/stm32cubeide_1.13.2/plugins/com.st.stm32cube.ide.mcu.externaltools.gnu-tools-for-stm32.11.3.rel1.linux64_1.1.1.202309131626/tools/bin/../lib/gcc/arm-none-eabi/11.3.1/../../../../arm-none-eabi/lib/thumb/v7e-m+dp/hard/libc_nano.a(libc_a-readr.o)
 .ARM.attributes
                0x000000000000061b       0x32 /opt/st/stm32cubeide_1.13.2/plugins/com.st.stm32cube.ide.mcu.externaltools.gnu-tools-for-stm32.11.3.rel1.linux64_1.1.1.202309131626/tools/bin/../lib/gcc/arm-none-eabi/11.3.1/../../../../arm-none-eabi/lib/thumb/v7e-m+dp/hard/libc_nano.a(libc_a-writer.o)
 .ARM.attributes
                0x000000000000064d       0x32 /opt/st/stm32cubeide_1.13.2/plugins/com.st.stm32cube.ide.mcu.externaltools.gnu-tools-for-stm32.11.3.rel1.linux64_1.1.1.202309131626/tools/bin/../lib/gcc/arm-none-eabi/11.3.1/../../../../arm-none-eabi/lib/thumb/v7e-m+dp/hard/libc_nano.a(libc_a-errno.o)
 .ARM.attributes
                0x000000000000067f       0x32 /opt/st/stm32cubeide_1.13.2/plugins/com.st.stm32cube.ide.mcu.externaltools.gnu-tools-for-stm32.11.3.rel1.linux64_1.1.1.202309131626/tools/bin/../lib/gcc/arm-none-eabi/11.3.1/../../../../arm-none-eabi/lib/thumb/v7e-m+dp/hard/libc_nano.a(libc_a-init.o)
 .ARM.attributes
                0x00000000000006b1       0x32 /opt/st/stm32cubeide_1.13.2/plugins/com.st.stm32cube.ide.mcu.externaltools.gnu-tools-for-stm32.11.3.rel1.linux64_1.1.1.202309131626/tools/bin/../lib/gcc/arm-none-eabi/11.3.1/../../../../arm-none-eabi/lib/thumb/v7e-m+dp/hard/libc_nano.a(libc_a-lock.o)
 .ARM.attributes
                0x00000000000006e3       0x32 /opt/st/stm32cubeide_1.13.2/plugins/com.st.stm32cube.ide.mcu.externaltools.gnu-tools-for-stm32.11.3.rel1.linux64_1.1.1.202309131626/tools/bin/../lib/gcc/arm-none-eabi/11.3.1/../../../../arm-none-eabi/lib/thumb/v7e-m+dp/hard/libc_nano.a(libc_a-freer.o)
 .ARM.attributes
                0x0000000000000715       0x32 /opt/st/stm32cubeide_1.13.2/plugins/com.st.stm32cube.ide.mcu.externaltools.gnu-tools-for-stm32.11.3.rel1.linux64_1.1.1.202309131626/tools/bin/../lib/gcc/arm-none-eabi/11.3.1/../../../../arm-none-eabi/lib/thumb/v7e-m+dp/hard/libc_nano.a(libc_a-mallocr.o)
 .ARM.attributes
                0x0000000000000747       0x32 /opt/st/stm32cubeide_1.13.2/plugins/com.st.stm32cube.ide.mcu.externaltools.gnu-tools-for-stm32.11.3.rel1.linux64_1.1.1.202309131626/tools/bin/../lib/gcc/arm-none-eabi/11.3.1/../../../../arm-none-eabi/lib/thumb/v7e-m+dp/hard/libc_nano.a(libc_a-mlock.o)
 .ARM.attributes
                0x0000000000000779       0x32 /opt/st/stm32cubeide_1.13.2/plugins/com.st.stm32cube.ide.mcu.externaltools.gnu-tools-for-stm32.11.3.rel1.linux64_1.1.1.202309131626/tools/bin/../lib/gcc/arm-none-eabi/11.3.1/../../../../arm-none-eabi/lib/thumb/v7e-m+dp/hard/libc_nano.a(libc_a-nano-vfprintf.o)
 .ARM.attributes
                0x00000000000007ab       0x32 /opt/st/stm32cubeide_1.13.2/plugins/com.st.stm32cube.ide.mcu.externaltools.gnu-tools-for-stm32.11.3.rel1.linux64_1.1.1.202309131626/tools/bin/../lib/gcc/arm-none-eabi/11.3.1/../../../../arm-none-eabi/lib/thumb/v7e-m+dp/hard/libc_nano.a(libc_a-nano-vfprintf_i.o)
 .ARM.attributes
                0x00000000000007dd       0x32 /opt/st/stm32cubeide_1.13.2/plugins/com.st.stm32cube.ide.mcu.externaltools.gnu-tools-for-stm32.11.3.rel1.linux64_1.1.1.202309131626/tools/bin/../lib/gcc/arm-none-eabi/11.3.1/../../../../arm-none-eabi/lib/thumb/v7e-m+dp/hard/libc_nano.a(libc_a-fflush.o)
 .ARM.attributes
                0x000000000000080f       0x32 /opt/st/stm32cubeide_1.13.2/plugins/com.st.stm32cube.ide.mcu.externaltools.gnu-tools-for-stm32.11.3.rel1.linux64_1.1.1.202309131626/tools/bin/../lib/gcc/arm-none-eabi/11.3.1/../../../../arm-none-eabi/lib/thumb/v7e-m+dp/hard/libc_nano.a(libc_a-makebuf.o)
 .ARM.attributes
                0x0000000000000841       0x32 /opt/st/stm32cubeide_1.13.2/plugins/com.st.stm32cube.ide.mcu.externaltools.gnu-tools-for-stm32.11.3.rel1.linux64_1.1.1.202309131626/tools/bin/../lib/gcc/arm-none-eabi/11.3.1/../../../../arm-none-eabi/lib/thumb/v7e-m+dp/hard/libc_nano.a(libc_a-fstatr.o)
 .ARM.attributes
                0x0000000000000873       0x32 /opt/st/stm32cubeide_1.13.2/plugins/com.st.stm32cube.ide.mcu.externaltools.gnu-tools-for-stm32.11.3.rel1.linux64_1.1.1.202309131626/tools/bin/../lib/gcc/arm-none-eabi/11.3.1/../../../../arm-none-eabi/lib/thumb/v7e-m+dp/hard/libc_nano.a(libc_a-isattyr.o)
 .ARM.attributes
                0x00000000000008a5       0x32 /opt/st/stm32cubeide_1.13.2/plugins/com.st.stm32cube.ide.mcu.externaltools.gnu-tools-for-stm32.11.3.rel1.linux64_1.1.1.202309131626/tools/bin/../lib/gcc/arm-none-eabi/11.3.1/../../../../arm-none-eabi/lib/thumb/v7e-m+dp/hard/libc_nano.a(libc_a-sbrkr.o)
 .ARM.attributes
                0x00000000000008d7       0x1c /opt/st/stm32cubeide_1.13.2/plugins/com.st.stm32cube.ide.mcu.externaltools.gnu-tools-for-stm32.11.3.rel1.linux64_1.1.1.202309131626/tools/bin/../lib/gcc/arm-none-eabi/11.3.1/../../../../arm-none-eabi/lib/thumb/v7e-m+dp/hard/libc_nano.a(libc_a-memchr.o)
 .ARM.attributes
                0x00000000000008f3       0x1e /opt/st/stm32cubeide_1.13.2/plugins/com.st.stm32cube.ide.mcu.externaltools.gnu-tools-for-stm32.11.3.rel1.linux64_1.1.1.202309131626/tools/bin/../lib/gcc/arm-none-eabi/11.3.1/thumb/v7e-m+dp/hard/libgcc.a(_aeabi_uldivmod.o)
 .ARM.attributes
                0x0000000000000911       0x32 /opt/st/stm32cubeide_1.13.2/plugins/com.st.stm32cube.ide.mcu.externaltools.gnu-tools-for-stm32.11.3.rel1.linux64_1.1.1.202309131626/tools/bin/../lib/gcc/arm-none-eabi/11.3.1/thumb/v7e-m+dp/hard/libgcc.a(_udivmoddi4.o)
 .ARM.attributes
                0x0000000000000943       0x1e /opt/st/stm32cubeide_1.13.2/plugins/com.st.stm32cube.ide.mcu.externaltools.gnu-tools-for-stm32.11.3.rel1.linux64_1.1.1.202309131626/tools/bin/../lib/gcc/arm-none-eabi/11.3.1/thumb/v7e-m+dp/hard/libgcc.a(_dvmd_tls.o)
 .ARM.attributes
                0x0000000000000961       0x1e /opt/st/stm32cubeide_1.13.2/plugins/com.st.stm32cube.ide.mcu.externaltools.gnu-tools-for-stm32.11.3.rel1.linux64_1.1.1.202309131626/tools/bin/../lib/gcc/arm-none-eabi/11.3.1/thumb/v7e-m+dp/hard/crtn.o
OUTPUT(stm_spi.elf elf32-littlearm)
LOAD linker stubs
LOAD /opt/st/stm32cubeide_1.13.2/plugins/com.st.stm32cube.ide.mcu.externaltools.gnu-tools-for-stm32.11.3.rel1.linux64_1.1.1.202309131626/tools/bin/../lib/gcc/arm-none-eabi/11.3.1/../../../../arm-none-eabi/lib/thumb/v7e-m+dp/hard/libc.a
LOAD /opt/st/stm32cubeide_1.13.2/plugins/com.st.stm32cube.ide.mcu.externaltools.gnu-tools-for-stm32.11.3.rel1.linux64_1.1.1.202309131626/tools/bin/../lib/gcc/arm-none-eabi/11.3.1/../../../../arm-none-eabi/lib/thumb/v7e-m+dp/hard/libm.a
LOAD /opt/st/stm32cubeide_1.13.2/plugins/com.st.stm32cube.ide.mcu.externaltools.gnu-tools-for-stm32.11.3.rel1.linux64_1.1.1.202309131626/tools/bin/../lib/gcc/arm-none-eabi/11.3.1/thumb/v7e-m+dp/hard/libgcc.a

.comment        0x0000000000000000       0x43
 .comment       0x0000000000000000       0x43 /opt/st/stm32cubeide_1.13.2/plugins/com.st.stm32cube.ide.mcu.externaltools.gnu-tools-for-stm32.11.3.rel1.linux64_1.1.1.202309131626/tools/bin/../lib/gcc/arm-none-eabi/11.3.1/thumb/v7e-m+dp/hard/crtbegin.o
                                         0x44 (size before relaxing)
 .comment       0x0000000000000043       0x44 ./Core/Src/main.o
 .comment       0x0000000000000043       0x44 ./Core/Src/my_spi_driver.o
 .comment       0x0000000000000043       0x44 ./Core/Src/spi_slave.o
 .comment       0x0000000000000043       0x44 ./Core/Src/stm32f7xx_hal_msp.o
 .comment       0x0000000000000043       0x44 ./Core/Src/stm32f7xx_it.o
 .comment       0x0000000000000043       0x44 ./Core/Src/syscalls.o
 .comment       0x0000000000000043       0x44 ./Core/Src/sysmem.o
 .comment       0x0000000000000043       0x44 ./Core/Src/system_stm32f7xx.o
 .comment       0x0000000000000043       0x44 ./Drivers/STM32F7xx_HAL_Driver/Src/stm32f7xx_hal.o
 .comment       0x0000000000000043       0x44 ./Drivers/STM32F7xx_HAL_Driver/Src/stm32f7xx_hal_cortex.o
 .comment       0x0000000000000043       0x44 ./Drivers/STM32F7xx_HAL_Driver/Src/stm32f7xx_hal_dma.o
 .comment       0x0000000000000043       0x44 ./Drivers/STM32F7xx_HAL_Driver/Src/stm32f7xx_hal_gpio.o
 .comment       0x0000000000000043       0x44 ./Drivers/STM32F7xx_HAL_Driver/Src/stm32f7xx_hal_rcc.o
 .comment       0x0000000000000043       0x44 ./Drivers/STM32F7xx_HAL_Driver/Src/stm32f7xx_hal_rcc_ex.o
 .comment       0x0000000000000043       0x44 ./Drivers/STM32F7xx_HAL_Driver/Src/stm32f7xx_hal_spi.o
 .comment       0x0000000000000043       0x44 ./Drivers/STM32F7xx_HAL_Driver/Src/stm32f7xx_hal_uart.o

.debug_info     0x0000000000000000     0xd66b
 .debug_info    0x0000000000000000     0x1050 ./Core/Src/main.o
 .debug_info    0x0000000000001050      0x728 ./Core/Src/my_spi_driver.o
 .debug_info    0x0000000000001778      0x7f5 ./Core/Src/spi_slave.o
 .debug_info    0x0000000000001f6d     0x1310 ./Core/Src/stm32f7xx_hal_msp.o
 .debug_info    0x000000000000327d      0x9f6 ./Core/Src/stm32f7xx_it.o
 .debug_info    0x0000000000003c73      0x6a3 ./Core/Src/syscalls.o
 .debug_info    0x0000000000004316      0x168 ./Core/Src/sysmem.o
 .debug_info    0x000000000000447e      0x6ed ./Core/Src/system_stm32f7xx.o
 .debug_info    0x0000000000004b6b       0x23 ./Core/Startup/startup_stm32f769nihx.o
 .debug_info    0x0000000000004b8e      0xa52 ./Drivers/STM32F7xx_HAL_Driver/Src/stm32f7xx_hal.o
 .debug_info    0x00000000000055e0      0xf91 ./Drivers/STM32F7xx_HAL_Driver/Src/stm32f7xx_hal_cortex.o
 .debug_info    0x0000000000006571      0x8e7 ./Drivers/STM32F7xx_HAL_Driver/Src/stm32f7xx_hal_dma.o
 .debug_info    0x0000000000006e58      0x6f3 ./Drivers/STM32F7xx_HAL_Driver/Src/stm32f7xx_hal_gpio.o
 .debug_info    0x000000000000754b      0x937 ./Drivers/STM32F7xx_HAL_Driver/Src/stm32f7xx_hal_rcc.o
 .debug_info    0x0000000000007e82      0x6e1 ./Drivers/STM32F7xx_HAL_Driver/Src/stm32f7xx_hal_rcc_ex.o
 .debug_info    0x0000000000008563     0x169b ./Drivers/STM32F7xx_HAL_Driver/Src/stm32f7xx_hal_spi.o
 .debug_info    0x0000000000009bfe     0x3a6d ./Drivers/STM32F7xx_HAL_Driver/Src/stm32f7xx_hal_uart.o

.debug_abbrev   0x0000000000000000     0x2148
 .debug_abbrev  0x0000000000000000      0x2b7 ./Core/Src/main.o
 .debug_abbrev  0x00000000000002b7      0x1a3 ./Core/Src/my_spi_driver.o
 .debug_abbrev  0x000000000000045a      0x21c ./Core/Src/spi_slave.o
 .debug_abbrev  0x0000000000000676      0x222 ./Core/Src/stm32f7xx_hal_msp.o
 .debug_abbrev  0x0000000000000898      0x187 ./Core/Src/stm32f7xx_it.o
 .debug_abbrev  0x0000000000000a1f      0x1b6 ./Core/Src/syscalls.o
 .debug_abbrev  0x0000000000000bd5       0xbc ./Core/Src/sysmem.o
 .debug_abbrev  0x0000000000000c91      0x13b ./Core/Src/system_stm32f7xx.o
 .debug_abbrev  0x0000000000000dcc       0x12 ./Core/Startup/startup_stm32f769nihx.o
 .debug_abbrev  0x0000000000000dde      0x213 ./Drivers/STM32F7xx_HAL_Driver/Src/stm32f7xx_hal.o
 .debug_abbrev  0x0000000000000ff1      0x329 ./Drivers/STM32F7xx_HAL_Driver/Src/stm32f7xx_hal_cortex.o
 .debug_abbrev  0x000000000000131a      0x264 ./Drivers/STM32F7xx_HAL_Driver/Src/stm32f7xx_hal_dma.o
 .debug_abbrev  0x000000000000157e      0x1d4 ./Drivers/STM32F7xx_HAL_Driver/Src/stm32f7xx_hal_gpio.o
 .debug_abbrev  0x0000000000001752      0x2de ./Drivers/STM32F7xx_HAL_Driver/Src/stm32f7xx_hal_rcc.o
 .debug_abbrev  0x0000000000001a30      0x1c9 ./Drivers/STM32F7xx_HAL_Driver/Src/stm32f7xx_hal_rcc_ex.o
 .debug_abbrev  0x0000000000001bf9      0x269 ./Drivers/STM32F7xx_HAL_Driver/Src/stm32f7xx_hal_spi.o
 .debug_abbrev  0x0000000000001e62      0x2e6 ./Drivers/STM32F7xx_HAL_Driver/Src/stm32f7xx_hal_uart.o

.debug_aranges  0x0000000000000000      0xab0
 .debug_aranges
                0x0000000000000000       0x70 ./Core/Src/main.o
 .debug_aranges
                0x0000000000000070       0x38 ./Core/Src/my_spi_driver.o
 .debug_aranges
                0x00000000000000a8       0x48 ./Core/Src/spi_slave.o
 .debug_aranges
                0x00000000000000f0       0x40 ./Core/Src/stm32f7xx_hal_msp.o
 .debug_aranges
                0x0000000000000130       0x78 ./Core/Src/stm32f7xx_it.o
 .debug_aranges
                0x00000000000001a8       0xa8 ./Core/Src/syscalls.o
 .debug_aranges
                0x0000000000000250       0x20 ./Core/Src/sysmem.o
 .debug_aranges
                0x0000000000000270       0x28 ./Core/Src/system_stm32f7xx.o
 .debug_aranges
                0x0000000000000298       0x28 ./Core/Startup/startup_stm32f769nihx.o
 .debug_aranges
                0x00000000000002c0      0x110 ./Drivers/STM32F7xx_HAL_Driver/Src/stm32f7xx_hal.o
 .debug_aranges
                0x00000000000003d0      0x118 ./Drivers/STM32F7xx_HAL_Driver/Src/stm32f7xx_hal_cortex.o
 .debug_aranges
                0x00000000000004e8       0x90 ./Drivers/STM32F7xx_HAL_Driver/Src/stm32f7xx_hal_dma.o
 .debug_aranges
                0x0000000000000578       0x58 ./Drivers/STM32F7xx_HAL_Driver/Src/stm32f7xx_hal_gpio.o
 .debug_aranges
                0x00000000000005d0       0x88 ./Drivers/STM32F7xx_HAL_Driver/Src/stm32f7xx_hal_rcc.o
 .debug_aranges
                0x0000000000000658       0x50 ./Drivers/STM32F7xx_HAL_Driver/Src/stm32f7xx_hal_rcc_ex.o
 .debug_aranges
                0x00000000000006a8      0x1d8 ./Drivers/STM32F7xx_HAL_Driver/Src/stm32f7xx_hal_spi.o
 .debug_aranges
                0x0000000000000880      0x230 ./Drivers/STM32F7xx_HAL_Driver/Src/stm32f7xx_hal_uart.o

.debug_rnglists
                0x0000000000000000      0x828
 .debug_rnglists
                0x0000000000000000       0x51 ./Core/Src/main.o
 .debug_rnglists
                0x0000000000000051       0x25 ./Core/Src/my_spi_driver.o
 .debug_rnglists
                0x0000000000000076       0x31 ./Core/Src/spi_slave.o
 .debug_rnglists
                0x00000000000000a7       0x2e ./Core/Src/stm32f7xx_hal_msp.o
 .debug_rnglists
                0x00000000000000d5       0x55 ./Core/Src/stm32f7xx_it.o
 .debug_rnglists
                0x000000000000012a       0x79 ./Core/Src/syscalls.o
 .debug_rnglists
                0x00000000000001a3       0x13 ./Core/Src/sysmem.o
 .debug_rnglists
                0x00000000000001b6       0x1a ./Core/Src/system_stm32f7xx.o
 .debug_rnglists
                0x00000000000001d0       0x19 ./Core/Startup/startup_stm32f769nihx.o
 .debug_rnglists
                0x00000000000001e9       0xc7 ./Drivers/STM32F7xx_HAL_Driver/Src/stm32f7xx_hal.o
 .debug_rnglists
                0x00000000000002b0       0xce ./Drivers/STM32F7xx_HAL_Driver/Src/stm32f7xx_hal_cortex.o
 .debug_rnglists
                0x000000000000037e       0x70 ./Drivers/STM32F7xx_HAL_Driver/Src/stm32f7xx_hal_dma.o
 .debug_rnglists
                0x00000000000003ee       0x3f ./Drivers/STM32F7xx_HAL_Driver/Src/stm32f7xx_hal_gpio.o
 .debug_rnglists
                0x000000000000042d       0x67 ./Drivers/STM32F7xx_HAL_Driver/Src/stm32f7xx_hal_rcc.o
 .debug_rnglists
                0x0000000000000494       0x3c ./Drivers/STM32F7xx_HAL_Driver/Src/stm32f7xx_hal_rcc_ex.o
 .debug_rnglists
                0x00000000000004d0      0x178 ./Drivers/STM32F7xx_HAL_Driver/Src/stm32f7xx_hal_spi.o
 .debug_rnglists
                0x0000000000000648      0x1e0 ./Drivers/STM32F7xx_HAL_Driver/Src/stm32f7xx_hal_uart.o

.debug_macro    0x0000000000000000    0x2de84
 .debug_macro   0x0000000000000000      0x2e7 ./Core/Src/main.o
 .debug_macro   0x00000000000002e7      0xac0 ./Core/Src/main.o
 .debug_macro   0x0000000000000da7      0x293 ./Core/Src/main.o
 .debug_macro   0x000000000000103a       0x2e ./Core/Src/main.o
 .debug_macro   0x0000000000001068       0x3b ./Core/Src/main.o
 .debug_macro   0x00000000000010a3       0x22 ./Core/Src/main.o
 .debug_macro   0x00000000000010c5       0x8e ./Core/Src/main.o
 .debug_macro   0x0000000000001153       0x51 ./Core/Src/main.o
 .debug_macro   0x00000000000011a4      0x103 ./Core/Src/main.o
 .debug_macro   0x00000000000012a7       0x6a ./Core/Src/main.o
 .debug_macro   0x0000000000001311      0x1df ./Core/Src/main.o
 .debug_macro   0x00000000000014f0       0x1c ./Core/Src/main.o
 .debug_macro   0x000000000000150c       0x22 ./Core/Src/main.o
 .debug_macro   0x000000000000152e       0xd9 ./Core/Src/main.o
 .debug_macro   0x0000000000001607     0x12cd ./Core/Src/main.o
 .debug_macro   0x00000000000028d4      0x11f ./Core/Src/main.o
 .debug_macro   0x00000000000029f3       0x19 ./Core/Src/main.o
 .debug_macro   0x0000000000002a0c    0x204b6 ./Core/Src/main.o
 .debug_macro   0x0000000000022ec2       0x6d ./Core/Src/main.o
 .debug_macro   0x0000000000022f2f     0x3749 ./Core/Src/main.o
 .debug_macro   0x0000000000026678      0x174 ./Core/Src/main.o
 .debug_macro   0x00000000000267ec       0x63 ./Core/Src/main.o
 .debug_macro   0x000000000002684f     0x1b3f ./Core/Src/main.o
 .debug_macro   0x000000000002838e      0x6c4 ./Core/Src/main.o
 .debug_macro   0x0000000000028a52      0x18b ./Core/Src/main.o
 .debug_macro   0x0000000000028bdd      0x115 ./Core/Src/main.o
 .debug_macro   0x0000000000028cf2      0x275 ./Core/Src/main.o
 .debug_macro   0x0000000000028f67       0xa5 ./Core/Src/main.o
 .debug_macro   0x000000000002900c      0x24f ./Core/Src/main.o
 .debug_macro   0x000000000002925b       0x71 ./Core/Src/main.o
 .debug_macro   0x00000000000292cc       0x58 ./Core/Src/main.o
 .debug_macro   0x0000000000029324      0x236 ./Core/Src/main.o
 .debug_macro   0x000000000002955a      0x14e ./Core/Src/main.o
 .debug_macro   0x00000000000296a8      0x3db ./Core/Src/main.o
 .debug_macro   0x0000000000029a83       0x12 ./Core/Src/main.o
 .debug_macro   0x0000000000029a95      0x22c ./Core/Src/main.o
 .debug_macro   0x0000000000029cc1       0x61 ./Core/Src/main.o
 .debug_macro   0x0000000000029d22       0xa5 ./Core/Src/main.o
 .debug_macro   0x0000000000029dc7      0x12e ./Core/Src/main.o
 .debug_macro   0x0000000000029ef5      0x108 ./Core/Src/main.o
 .debug_macro   0x0000000000029ffd       0x35 ./Core/Src/main.o
 .debug_macro   0x000000000002a032      0x2fe ./Core/Src/main.o
 .debug_macro   0x000000000002a330      0x5ba ./Core/Src/main.o
 .debug_macro   0x000000000002a8ea       0x44 ./Core/Src/main.o
 .debug_macro   0x000000000002a92e      0x15b ./Core/Src/main.o
 .debug_macro   0x000000000002aa89       0x61 ./Core/Src/main.o
 .debug_macro   0x000000000002aaea       0x29 ./Core/Src/main.o
 .debug_macro   0x000000000002ab13       0x43 ./Core/Src/main.o
 .debug_macro   0x000000000002ab56       0x34 ./Core/Src/main.o
 .debug_macro   0x000000000002ab8a       0x16 ./Core/Src/main.o
 .debug_macro   0x000000000002aba0       0x35 ./Core/Src/main.o
 .debug_macro   0x000000000002abd5      0x369 ./Core/Src/main.o
 .debug_macro   0x000000000002af3e       0x10 ./Core/Src/main.o
 .debug_macro   0x000000000002af4e       0x16 ./Core/Src/main.o
 .debug_macro   0x000000000002af64       0x43 ./Core/Src/main.o
 .debug_macro   0x000000000002afa7       0x34 ./Core/Src/main.o
 .debug_macro   0x000000000002afdb       0x10 ./Core/Src/main.o
 .debug_macro   0x000000000002afeb       0x58 ./Core/Src/main.o
 .debug_macro   0x000000000002b043       0x8e ./Core/Src/main.o
 .debug_macro   0x000000000002b0d1       0x1c ./Core/Src/main.o
 .debug_macro   0x000000000002b0ed      0x177 ./Core/Src/main.o
 .debug_macro   0x000000000002b264       0x16 ./Core/Src/main.o
 .debug_macro   0x000000000002b27a       0x16 ./Core/Src/main.o
 .debug_macro   0x000000000002b290      0x147 ./Core/Src/main.o
 .debug_macro   0x000000000002b3d7       0x82 ./Core/Src/main.o
 .debug_macro   0x000000000002b459      0x2d9 ./Core/Src/my_spi_driver.o
 .debug_macro   0x000000000002b732      0x1f7 ./Core/Src/spi_slave.o
 .debug_macro   0x000000000002b929      0x1ee ./Core/Src/stm32f7xx_hal_msp.o
 .debug_macro   0x000000000002bb17      0x1f8 ./Core/Src/stm32f7xx_it.o
 .debug_macro   0x000000000002bd0f      0x274 ./Core/Src/syscalls.o
 .debug_macro   0x000000000002bf83       0x5b ./Core/Src/syscalls.o
 .debug_macro   0x000000000002bfde       0x94 ./Core/Src/syscalls.o
 .debug_macro   0x000000000002c072       0x57 ./Core/Src/syscalls.o
 .debug_macro   0x000000000002c0c9       0x10 ./Core/Src/syscalls.o
 .debug_macro   0x000000000002c0d9       0x10 ./Core/Src/syscalls.o
 .debug_macro   0x000000000002c0e9       0x10 ./Core/Src/syscalls.o
 .debug_macro   0x000000000002c0f9       0x10 ./Core/Src/syscalls.o
 .debug_macro   0x000000000002c109       0x1c ./Core/Src/syscalls.o
 .debug_macro   0x000000000002c125       0x52 ./Core/Src/syscalls.o
 .debug_macro   0x000000000002c177       0x22 ./Core/Src/syscalls.o
 .debug_macro   0x000000000002c199       0x10 ./Core/Src/syscalls.o
 .debug_macro   0x000000000002c1a9       0x52 ./Core/Src/syscalls.o
 .debug_macro   0x000000000002c1fb       0xcf ./Core/Src/syscalls.o
 .debug_macro   0x000000000002c2ca       0x1c ./Core/Src/syscalls.o
 .debug_macro   0x000000000002c2e6       0x3d ./Core/Src/syscalls.o
 .debug_macro   0x000000000002c323       0x35 ./Core/Src/syscalls.o
 .debug_macro   0x000000000002c358      0x12c ./Core/Src/syscalls.o
 .debug_macro   0x000000000002c484       0x16 ./Core/Src/syscalls.o
 .debug_macro   0x000000000002c49a       0x16 ./Core/Src/syscalls.o
 .debug_macro   0x000000000002c4b0       0x29 ./Core/Src/syscalls.o
 .debug_macro   0x000000000002c4d9       0x10 ./Core/Src/syscalls.o
 .debug_macro   0x000000000002c4e9      0x242 ./Core/Src/syscalls.o
 .debug_macro   0x000000000002c72b       0x1c ./Core/Src/syscalls.o
 .debug_macro   0x000000000002c747       0x10 ./Core/Src/syscalls.o
 .debug_macro   0x000000000002c757      0x18a ./Core/Src/syscalls.o
 .debug_macro   0x000000000002c8e1       0x16 ./Core/Src/syscalls.o
 .debug_macro   0x000000000002c8f7       0xce ./Core/Src/syscalls.o
 .debug_macro   0x000000000002c9c5       0xff ./Core/Src/sysmem.o
 .debug_macro   0x000000000002cac4      0x23c ./Core/Src/sysmem.o
 .debug_macro   0x000000000002cd00      0x1e4 ./Core/Src/system_stm32f7xx.o
 .debug_macro   0x000000000002cee4      0x208 ./Drivers/STM32F7xx_HAL_Driver/Src/stm32f7xx_hal.o
 .debug_macro   0x000000000002d0ec      0x1e4 ./Drivers/STM32F7xx_HAL_Driver/Src/stm32f7xx_hal_cortex.o
 .debug_macro   0x000000000002d2d0      0x1ea ./Drivers/STM32F7xx_HAL_Driver/Src/stm32f7xx_hal_dma.o
 .debug_macro   0x000000000002d4ba      0x1ea ./Drivers/STM32F7xx_HAL_Driver/Src/stm32f7xx_hal_gpio.o
 .debug_macro   0x000000000002d6a4      0x208 ./Drivers/STM32F7xx_HAL_Driver/Src/stm32f7xx_hal_rcc.o
 .debug_macro   0x000000000002d8ac      0x1e4 ./Drivers/STM32F7xx_HAL_Driver/Src/stm32f7xx_hal_rcc_ex.o
 .debug_macro   0x000000000002da90      0x1f3 ./Drivers/STM32F7xx_HAL_Driver/Src/stm32f7xx_hal_spi.o
 .debug_macro   0x000000000002dc83      0x201 ./Drivers/STM32F7xx_HAL_Driver/Src/stm32f7xx_hal_uart.o

.debug_line     0x0000000000000000     0xdb12
 .debug_line    0x0000000000000000      0xa95 ./Core/Src/main.o
 .debug_line    0x0000000000000a95      0x882 ./Core/Src/my_spi_driver.o
 .debug_line    0x0000000000001317      0x7a5 ./Core/Src/spi_slave.o
 .debug_line    0x0000000000001abc      0x7b0 ./Core/Src/stm32f7xx_hal_msp.o
 .debug_line    0x000000000000226c      0x7c1 ./Core/Src/stm32f7xx_it.o
 .debug_line    0x0000000000002a2d      0x7dd ./Core/Src/syscalls.o
 .debug_line    0x000000000000320a      0x4ae ./Core/Src/sysmem.o
 .debug_line    0x00000000000036b8      0x736 ./Core/Src/system_stm32f7xx.o
 .debug_line    0x0000000000003dee       0x7a ./Core/Startup/startup_stm32f769nihx.o
 .debug_line    0x0000000000003e68      0x9f7 ./Drivers/STM32F7xx_HAL_Driver/Src/stm32f7xx_hal.o
 .debug_line    0x000000000000485f      0xc4d ./Drivers/STM32F7xx_HAL_Driver/Src/stm32f7xx_hal_cortex.o
 .debug_line    0x00000000000054ac      0xf16 ./Drivers/STM32F7xx_HAL_Driver/Src/stm32f7xx_hal_dma.o
 .debug_line    0x00000000000063c2      0xb3b ./Drivers/STM32F7xx_HAL_Driver/Src/stm32f7xx_hal_gpio.o
 .debug_line    0x0000000000006efd      0xe34 ./Drivers/STM32F7xx_HAL_Driver/Src/stm32f7xx_hal_rcc.o
 .debug_line    0x0000000000007d31      0xe0d ./Drivers/STM32F7xx_HAL_Driver/Src/stm32f7xx_hal_rcc_ex.o
 .debug_line    0x0000000000008b3e     0x1f1d ./Drivers/STM32F7xx_HAL_Driver/Src/stm32f7xx_hal_spi.o
 .debug_line    0x000000000000aa5b     0x30b7 ./Drivers/STM32F7xx_HAL_Driver/Src/stm32f7xx_hal_uart.o

.debug_str      0x0000000000000000   0x111d25
 .debug_str     0x0000000000000000   0x10d17e ./Core/Src/main.o
                                     0x10d8ed (size before relaxing)
 .debug_str     0x000000000010d17e       0x49 ./Core/Src/my_spi_driver.o
                                     0x10d329 (size before relaxing)
 .debug_str     0x000000000010d1c7       0x63 ./Core/Src/spi_slave.o
                                     0x109c10 (size before relaxing)
 .debug_str     0x000000000010d22a      0xa05 ./Core/Src/stm32f7xx_hal_msp.o
                                     0x10a6d4 (size before relaxing)
 .debug_str     0x000000000010dc2f      0x122 ./Core/Src/stm32f7xx_it.o
                                     0x109c3c (size before relaxing)
 .debug_str     0x000000000010dd51     0x20dc ./Core/Src/syscalls.o
                                       0x98e8 (size before relaxing)
 .debug_str     0x000000000010fe2d       0x6b ./Core/Src/sysmem.o
                                       0x609f (size before relaxing)
 .debug_str     0x000000000010fe98      0x1a4 ./Core/Src/system_stm32f7xx.o
                                     0x109798 (size before relaxing)
 .debug_str     0x000000000011003c       0x34 ./Core/Startup/startup_stm32f769nihx.o
                                         0x68 (size before relaxing)
 .debug_str     0x0000000000110070      0x438 ./Drivers/STM32F7xx_HAL_Driver/Src/stm32f7xx_hal.o
                                     0x10a1e1 (size before relaxing)
 .debug_str     0x00000000001104a8      0x323 ./Drivers/STM32F7xx_HAL_Driver/Src/stm32f7xx_hal_cortex.o