../Core/Src/main.c:68:5:_write	24	static
../Core/Src/main.c:74:6:HAL_SPI_TxCpltCallback	16	static
../Core/Src/main.c:87:6:HAL_SPI_RxCpltCallback	16	static
../Core/Src/main.c:98:6:HAL_SPI_ErrorCallback	16	static
../Core/Src/main.c:112:5:main	16	static
../Core/Src/main.c:177:6:SystemClock_Config	88	static
../Core/Src/main.c:219:13:MX_SPI2_Init	8	static
../Core/Src/main.c:258:13:MX_SPI5_Init	8	static
../Core/Src/main.c:298:13:MX_USART1_UART_Init	8	static
../Core/Src/main.c:333:13:MX_GPIO_Init	24	static
../Core/Src/main.c:355:6:Error_Handler	4	static,ignoring_inline_asm
