../Core/Src/main.c:74:5:_write	24	static
../Core/Src/main.c:80:6:HAL_SPI_TxCpltCallback	16	static
../Core/Src/main.c:93:6:HAL_SPI_RxCpltCallback	16	static
../Core/Src/main.c:104:6:HAL_SPI_ErrorCallback	16	static
../Core/Src/main.c:118:5:main	16	static
../Core/Src/main.c:190:6:SystemClock_Config	88	static
../Core/Src/main.c:232:13:MX_SPI2_Init	8	static
../Core/Src/main.c:272:13:MX_SPI5_Init	8	static
../Core/Src/main.c:311:13:MX_USART1_UART_Init	8	static
../Core/Src/main.c:346:13:MX_GPIO_Init	24	static
../Core/Src/main.c:368:6:Error_Handler	4	static,ignoring_inline_asm
